┌ Warning: The Pkg REPL mode is intended for interactive use only, and should not be used from scripts. It is recommended to use the functional API instead.
└ @ Pkg.REPLMode ~/.julia/juliaup/julia-1.10.3+0.x64.linux.gnu/share/julia/stdlib/v1.10/Pkg/src/REPLMode/REPLMode.jl:382
The latest version of Julia in the `release` channel is 1.10.4+0.x64.linux.gnu. You currently have `1.10.3+0.x64.linux.gnu` installed. Run:

  juliaup update

in your terminal shell to install Julia 1.10.4+0.x64.linux.gnu and update the `release` channel to that version.
┌ Warning: The Pkg REPL mode is intended for interactive use only, and should not be used from scripts. It is recommended to use the functional API instead.
└ @ Pkg.REPLMode ~/.julia/juliaup/julia-1.10.3+0.x64.linux.gnu/share/julia/stdlib/v1.10/Pkg/src/REPLMode/REPLMode.jl:382
The latest version of Julia in the `release` channel is 1.10.4+0.x64.linux.gnu. You currently have `1.10.3+0.x64.linux.gnu` installed. Run:

  juliaup update

in your terminal shell to install Julia 1.10.4+0.x64.linux.gnu and update the `release` channel to that version.
The latest version of Julia in the `release` channel is 1.10.4+0.x64.linux.gnu. You currently have `1.10.3+0.x64.linux.gnu` installed. Run:

  juliaup update

in your terminal shell to install Julia 1.10.4+0.x64.linux.gnu and update the `release` channel to that version.
The latest version of Julia in the `release` channel is 1.10.4+0.x64.linux.gnu. You currently have `1.10.3+0.x64.linux.gnu` installed. Run:

  juliaup update

in your terminal shell to install Julia 1.10.4+0.x64.linux.gnu and update the `release` channel to that version.
The latest version of Julia in the `release` channel is 1.10.4+0.x64.linux.gnu. You currently have `1.10.3+0.x64.linux.gnu` installed. Run:

  juliaup update

in your terminal shell to install Julia 1.10.4+0.x64.linux.gnu and update the `release` channel to that version.




---------------------------------------------
start:2024-06-06T19:02:10.922
---------------------------------------------




rank 0 | running with 192 threads | 192 trajectories to sample...
rank 2 | running with 192 threads | 192 trajectories to sample...
rank 1 | running with 192 threads | 192 trajectories to sample...
rank 3 | running with 192 threads | 192 trajectories to sample...
rank 3 | trajectory 576 of circuit 1 -- done
rank 0 | trajectory 121 of circuit 1 -- done
rank 2 | trajectory 647 of circuit 1 -- done
rank 3 | trajectory 172 of circuit 1 -- done
rank 1 | trajectory 2 of circuit 1 -- done
rank 0 | trajectory 193 of circuit 1 -- done
rank 1 | trajectory 518 of circuit 1 -- done
rank 0 | trajectory 81 of circuit 1 -- done
rank 3 | trajectory 192 of circuit 1 -- done
rank 2 | trajectory 767 of circuit 1 -- done
rank 1 | trajectory 378 of circuit 1 -- done
rank 3 | trajectory 176 of circuit 1 -- done
rank 0 | trajectory 153 of circuit 1 -- done
rank 1 | trajectory 334 of circuit 1 -- done
rank 0 | trajectory 21 of circuit 1 -- done
rank 3 | trajectory 692 of circuit 1 -- done
rank 0 | trajectory 757 of circuit 1 -- done
rank 1 | trajectory 230 of circuit 1 -- done
rank 1 | trajectory 82 of circuit 1 -- done
rank 3 | trajectory 348 of circuit 1 -- done
rank 3 | trajectory 516 of circuit 1 -- done
rank 3 | trajectory 292 of circuit 1 -- done
rank 3 | trajectory 180 of circuit 1 -- done
rank 3 | trajectory 276 of circuit 1 -- done
rank 3 | trajectory 500 of circuit 1 -- done
rank 2 | trajectory 103 of circuit 1 -- done
rank 1 | trajectory 250 of circuit 1 -- done
rank 1 | trajectory 466 of circuit 1 -- done
rank 1 | trajectory 666 of circuit 1 -- done
rank 1 | trajectory 342 of circuit 1 -- done
rank 1 | trajectory 766 of circuit 1 -- done
rank 0 | trajectory 409 of circuit 1 -- done
rank 0 | trajectory 669 of circuit 1 -- done
rank 1 | trajectory 54 of circuit 1 -- done
rank 1 | trajectory 62 of circuit 1 -- done
rank 0 | trajectory 93 of circuit 1 -- done
rank 1 | trajectory 350 of circuit 1 -- done
rank 0 | trajectory 73 of circuit 1 -- done
rank 0 | trajectory 653 of circuit 1 -- done
rank 1 | trajectory 26 of circuit 1 -- done
rank 2 | trajectory 231 of circuit 1 -- done
rank 2 | trajectory 623 of circuit 1 -- done
rank 0 | trajectory 701 of circuit 1 -- done
rank 2 | trajectory 435 of circuit 1 -- done
rank 0 | trajectory 537 of circuit 1 -- done
rank 3 | trajectory 48 of circuit 1 -- done
rank 0 | trajectory 709 of circuit 1 -- done
rank 0 | trajectory 253 of circuit 1 -- done
rank 0 | trajectory 45 of circuit 1 -- done
rank 0 | trajectory 561 of circuit 1 -- done
rank 3 | trajectory 640 of circuit 1 -- done
rank 0 | trajectory 625 of circuit 1 -- done
rank 0 | trajectory 665 of circuit 1 -- done
rank 0 | trajectory 565 of circuit 1 -- done
rank 3 | trajectory 220 of circuit 1 -- done
rank 3 | trajectory 68 of circuit 1 -- done
rank 0 | trajectory 481 of circuit 1 -- done
rank 3 | trajectory 120 of circuit 1 -- done
rank 3 | trajectory 556 of circuit 1 -- done
rank 1 | trajectory 510 of circuit 1 -- done
rank 2 | trajectory 219 of circuit 1 -- done
rank 1 | trajectory 30 of circuit 1 -- done
rank 2 | trajectory 699 of circuit 1 -- done
rank 0 | trajectory 465 of circuit 1 -- done
rank 2 | trajectory 615 of circuit 1 -- done
rank 3 | trajectory 224 of circuit 1 -- done
rank 1 | trajectory 762 of circuit 1 -- done
rank 2 | trajectory 451 of circuit 1 -- done
rank 0 | trajectory 729 of circuit 1 -- done
rank 1 | trajectory 310 of circuit 1 -- done
rank 1 | trajectory 86 of circuit 1 -- done
rank 3 | trajectory 512 of circuit 1 -- done
rank 0 | trajectory 713 of circuit 1 -- done
rank 1 | trajectory 554 of circuit 1 -- done
rank 1 | trajectory 726 of circuit 1 -- done
rank 0 | trajectory 49 of circuit 1 -- done
rank 3 | trajectory 32 of circuit 1 -- done
rank 1 | trajectory 646 of circuit 1 -- done
rank 1 | trajectory 122 of circuit 1 -- done
rank 3 | trajectory 532 of circuit 1 -- done
rank 0 | trajectory 301 of circuit 1 -- done
rank 1 | trajectory 526 of circuit 1 -- done
rank 1 | trajectory 394 of circuit 1 -- done
rank 0 | trajectory 273 of circuit 1 -- done
rank 0 | trajectory 381 of circuit 1 -- done
rank 1 | trajectory 18 of circuit 1 -- done
rank 1 | trajectory 642 of circuit 1 -- done
rank 1 | trajectory 442 of circuit 1 -- done
rank 1 | trajectory 306 of circuit 1 -- done
rank 1 | trajectory 614 of circuit 1 -- done
rank 0 | trajectory 761 of circuit 1 -- done
rank 2 | trajectory 595 of circuit 1 -- done
rank 1 | trajectory 562 of circuit 1 -- done
rank 3 | trajectory 24 of circuit 1 -- done
rank 1 | trajectory 102 of circuit 1 -- done
rank 1 | trajectory 678 of circuit 1 -- done
rank 3 | trajectory 396 of circuit 1 -- done
rank 1 | trajectory 346 of circuit 1 -- done
rank 1 | trajectory 90 of circuit 1 -- done
rank 1 | trajectory 538 of circuit 1 -- done
rank 1 | trajectory 194 of circuit 1 -- done
rank 0 | trajectory 69 of circuit 1 -- done
rank 1 | trajectory 750 of circuit 1 -- done
rank 0 | trajectory 441 of circuit 1 -- done
rank 1 | trajectory 94 of circuit 1 -- done
rank 2 | trajectory 643 of circuit 1 -- done
rank 1 | trajectory 686 of circuit 1 -- done
rank 0 | trajectory 57 of circuit 1 -- done
rank 2 | trajectory 543 of circuit 1 -- done
rank 1 | trajectory 330 of circuit 1 -- done
rank 0 | trajectory 333 of circuit 1 -- done
rank 1 | trajectory 578 of circuit 1 -- done
rank 1 | trajectory 242 of circuit 1 -- done
rank 1 | trajectory 166 of circuit 1 -- done
rank 1 | trajectory 6 of circuit 1 -- done
rank 1 | trajectory 398 of circuit 1 -- done
rank 1 | trajectory 730 of circuit 1 -- done
rank 3 | trajectory 248 of circuit 1 -- done
rank 1 | trajectory 314 of circuit 1 -- done
rank 2 | trajectory 163 of circuit 1 -- done
rank 1 | trajectory 454 of circuit 1 -- done
rank 1 | trajectory 430 of circuit 1 -- done
rank 3 | trajectory 140 of circuit 1 -- done
rank 1 | trajectory 626 of circuit 1 -- done
rank 2 | trajectory 95 of circuit 1 -- done
rank 0 | trajectory 613 of circuit 1 -- done
rank 1 | trajectory 450 of circuit 1 -- done
rank 2 | trajectory 87 of circuit 1 -- done
rank 3 | trajectory 488 of circuit 1 -- done
rank 0 | trajectory 225 of circuit 1 -- done
rank 1 | trajectory 402 of circuit 1 -- done
rank 1 | trajectory 530 of circuit 1 -- done
rank 3 | trajectory 96 of circuit 1 -- done
rank 1 | trajectory 698 of circuit 1 -- done
rank 1 | trajectory 374 of circuit 1 -- done
rank 3 | trajectory 456 of circuit 1 -- done
rank 2 | trajectory 203 of circuit 1 -- done
rank 3 | trajectory 304 of circuit 1 -- done
rank 0 | trajectory 457 of circuit 1 -- done
rank 1 | trajectory 182 of circuit 1 -- done
rank 1 | trajectory 722 of circuit 1 -- done
rank 3 | trajectory 280 of circuit 1 -- done
rank 1 | trajectory 318 of circuit 1 -- done
rank 2 | trajectory 299 of circuit 1 -- done
rank 3 | trajectory 660 of circuit 1 -- done
rank 0 | trajectory 1 of circuit 1 -- done
rank 1 | trajectory 502 of circuit 1 -- done
rank 1 | trajectory 214 of circuit 1 -- done
rank 0 | trajectory 365 of circuit 1 -- done
rank 2 | trajectory 355 of circuit 1 -- done
rank 1 | trajectory 746 of circuit 1 -- done
rank 1 | trajectory 426 of circuit 1 -- done
rank 3 | trajectory 608 of circuit 1 -- done
rank 3 | trajectory 360 of circuit 1 -- done
rank 3 | trajectory 244 of circuit 1 -- done
rank 0 | trajectory 265 of circuit 1 -- done
rank 3 | trajectory 536 of circuit 1 -- done
rank 3 | trajectory 200 of circuit 1 -- done
rank 1 | trajectory 622 of circuit 1 -- done
rank 3 | trajectory 544 of circuit 1 -- done
rank 3 | trajectory 136 of circuit 1 -- done
rank 3 | trajectory 704 of circuit 1 -- done
rank 3 | trajectory 112 of circuit 1 -- done
rank 0 | trajectory 453 of circuit 1 -- done
rank 2 | trajectory 175 of circuit 1 -- done
rank 1 | trajectory 150 of circuit 1 -- done
rank 3 | trajectory 756 of circuit 1 -- done
rank 1 | trajectory 146 of circuit 1 -- done
rank 2 | trajectory 471 of circuit 1 -- done
rank 1 | trajectory 422 of circuit 1 -- done
rank 2 | trajectory 67 of circuit 1 -- done
rank 0 | trajectory 233 of circuit 1 -- done
rank 3 | trajectory 504 of circuit 1 -- done
rank 1 | trajectory 274 of circuit 1 -- done
rank 1 | trajectory 42 of circuit 1 -- done
rank 3 | trajectory 416 of circuit 1 -- done
rank 3 | trajectory 196 of circuit 1 -- done
rank 0 | trajectory 721 of circuit 1 -- done
rank 3 | trajectory 208 of circuit 1 -- done
rank 1 | trajectory 294 of circuit 1 -- done
rank 3 | trajectory 524 of circuit 1 -- done
rank 0 | trajectory 221 of circuit 1 -- done
rank 2 | trajectory 23 of circuit 1 -- done
rank 3 | trajectory 484 of circuit 1 -- done
rank 0 | trajectory 341 of circuit 1 -- done
rank 0 | trajectory 197 of circuit 1 -- done
rank 3 | trajectory 240 of circuit 1 -- done
rank 1 | trajectory 14 of circuit 1 -- done
rank 1 | trajectory 130 of circuit 1 -- done
rank 1 | trajectory 734 of circuit 1 -- done
rank 3 | trajectory 336 of circuit 1 -- done
rank 1 | trajectory 66 of circuit 1 -- done
rank 3 | trajectory 480 of circuit 1 -- done
rank 0 | trajectory 293 of circuit 1 -- done
rank 0 | trajectory 633 of circuit 1 -- done
rank 2 | trajectory 535 of circuit 1 -- done
rank 3 | trajectory 444 of circuit 1 -- done
rank 2 | trajectory 515 of circuit 1 -- done
rank 3 | trajectory 716 of circuit 1 -- done
rank 2 | trajectory 207 of circuit 1 -- done
rank 3 | trajectory 768 of circuit 1 -- done
rank 2 | trajectory 283 of circuit 1 -- done
rank 1 | trajectory 138 of circuit 1 -- done
rank 1 | trajectory 38 of circuit 1 -- done
rank 0 | trajectory 105 of circuit 1 -- done
rank 2 | trajectory 367 of circuit 1 -- done
rank 0 | trajectory 573 of circuit 1 -- done
rank 2 | trajectory 155 of circuit 1 -- done
rank 3 | trajectory 300 of circuit 1 -- done
rank 0 | trajectory 161 of circuit 1 -- done
rank 0 | trajectory 393 of circuit 1 -- done
rank 0 | trajectory 41 of circuit 1 -- done
rank 0 | trajectory 285 of circuit 1 -- done
rank 2 | trajectory 179 of circuit 1 -- done
rank 3 | trajectory 476 of circuit 1 -- done
rank 2 | trajectory 15 of circuit 1 -- done
rank 1 | trajectory 106 of circuit 1 -- done
rank 3 | trajectory 128 of circuit 1 -- done
rank 1 | trajectory 218 of circuit 1 -- done
rank 1 | trajectory 226 of circuit 1 -- done
rank 3 | trajectory 560 of circuit 1 -- done
rank 1 | trajectory 362 of circuit 1 -- done
rank 3 | trajectory 572 of circuit 1 -- done
rank 3 | trajectory 232 of circuit 1 -- done
rank 0 | trajectory 357 of circuit 1 -- done
rank 1 | trajectory 266 of circuit 1 -- done
rank 3 | trajectory 380 of circuit 1 -- done
rank 2 | trajectory 263 of circuit 1 -- done
rank 0 | trajectory 597 of circuit 1 -- done
rank 0 | trajectory 429 of circuit 1 -- done
rank 1 | trajectory 302 of circuit 1 -- done
rank 2 | trajectory 339 of circuit 1 -- done
rank 3 | trajectory 56 of circuit 1 -- done
rank 2 | trajectory 455 of circuit 1 -- done
rank 2 | trajectory 55 of circuit 1 -- done
rank 3 | trajectory 764 of circuit 1 -- done
rank 1 | trajectory 434 of circuit 1 -- done
rank 3 | trajectory 84 of circuit 1 -- done
rank 1 | trajectory 690 of circuit 1 -- done
rank 1 | trajectory 582 of circuit 1 -- done
rank 2 | trajectory 619 of circuit 1 -- done
rank 3 | trajectory 288 of circuit 1 -- done
rank 0 | trajectory 593 of circuit 1 -- done
rank 1 | trajectory 22 of circuit 1 -- done
rank 3 | trajectory 312 of circuit 1 -- done
rank 2 | trajectory 47 of circuit 1 -- done
rank 2 | trajectory 747 of circuit 1 -- done
rank 3 | trajectory 8 of circuit 1 -- done
rank 0 | trajectory 85 of circuit 1 -- done
rank 0 | trajectory 269 of circuit 1 -- done
rank 3 | trajectory 332 of circuit 1 -- done
rank 3 | trajectory 424 of circuit 1 -- done
rank 0 | trajectory 13 of circuit 1 -- done
rank 3 | trajectory 156 of circuit 1 -- done
rank 1 | trajectory 610 of circuit 1 -- done
rank 2 | trajectory 555 of circuit 1 -- done
rank 3 | trajectory 392 of circuit 1 -- done
rank 0 | trajectory 133 of circuit 1 -- done
rank 2 | trajectory 275 of circuit 1 -- done
rank 0 | trajectory 753 of circuit 1 -- done
rank 3 | trajectory 40 of circuit 1 -- done
rank 3 | trajectory 728 of circuit 1 -- done
rank 0 | trajectory 689 of circuit 1 -- done
rank 1 | trajectory 270 of circuit 1 -- done
rank 1 | trajectory 258 of circuit 1 -- done
rank 3 | trajectory 724 of circuit 1 -- done
rank 0 | trajectory 661 of circuit 1 -- done
rank 0 | trajectory 337 of circuit 1 -- done
rank 1 | trajectory 586 of circuit 1 -- done
rank 1 | trajectory 354 of circuit 1 -- done
rank 2 | trajectory 611 of circuit 1 -- done
rank 2 | trajectory 75 of circuit 1 -- done
rank 0 | trajectory 737 of circuit 1 -- done
rank 0 | trajectory 5 of circuit 1 -- done
rank 2 | trajectory 523 of circuit 1 -- done
rank 2 | trajectory 251 of circuit 1 -- done
rank 3 | trajectory 184 of circuit 1 -- done
rank 2 | trajectory 167 of circuit 1 -- done
rank 2 | trajectory 151 of circuit 1 -- done
rank 0 | trajectory 585 of circuit 1 -- done
rank 0 | trajectory 645 of circuit 1 -- done
rank 2 | trajectory 27 of circuit 1 -- done
rank 2 | trajectory 387 of circuit 1 -- done
rank 2 | trajectory 467 of circuit 1 -- done
rank 3 | trajectory 588 of circuit 1 -- done
rank 3 | trajectory 616 of circuit 1 -- done
rank 0 | trajectory 97 of circuit 1 -- done
rank 0 | trajectory 469 of circuit 1 -- done
rank 3 | trajectory 448 of circuit 1 -- done
rank 0 | trajectory 313 of circuit 1 -- done
rank 3 | trajectory 656 of circuit 1 -- done
rank 1 | trajectory 658 of circuit 1 -- done
rank 2 | trajectory 447 of circuit 1 -- done
rank 2 | trajectory 495 of circuit 1 -- done
rank 2 | trajectory 35 of circuit 1 -- done
rank 1 | trajectory 482 of circuit 1 -- done
rank 2 | trajectory 463 of circuit 1 -- done
rank 0 | trajectory 29 of circuit 1 -- done
rank 2 | trajectory 243 of circuit 1 -- done
rank 3 | trajectory 624 of circuit 1 -- done
rank 2 | trajectory 763 of circuit 1 -- done
rank 2 | trajectory 603 of circuit 1 -- done
rank 0 | trajectory 745 of circuit 1 -- done
rank 2 | trajectory 527 of circuit 1 -- done
rank 0 | trajectory 569 of circuit 1 -- done
rank 1 | trajectory 638 of circuit 1 -- done
rank 2 | trajectory 39 of circuit 1 -- done
rank 2 | trajectory 99 of circuit 1 -- done
rank 3 | trajectory 652 of circuit 1 -- done
rank 1 | trajectory 718 of circuit 1 -- done
rank 1 | trajectory 514 of circuit 1 -- done
rank 1 | trajectory 290 of circuit 1 -- done
rank 2 | trajectory 599 of circuit 1 -- done
rank 2 | trajectory 679 of circuit 1 -- done
rank 0 | trajectory 157 of circuit 1 -- done
rank 2 | trajectory 439 of circuit 1 -- done
rank 0 | trajectory 249 of circuit 1 -- done
rank 2 | trajectory 123 of circuit 1 -- done
rank 1 | trajectory 602 of circuit 1 -- done
rank 2 | trajectory 507 of circuit 1 -- done
rank 3 | trajectory 468 of circuit 1 -- done
rank 2 | trajectory 199 of circuit 1 -- done
rank 1 | trajectory 566 of circuit 1 -- done
rank 0 | trajectory 177 of circuit 1 -- done
rank 2 | trajectory 351 of circuit 1 -- done
rank 1 | trajectory 134 of circuit 1 -- done
rank 3 | trajectory 144 of circuit 1 -- done
rank 3 | trajectory 672 of circuit 1 -- done
rank 2 | trajectory 519 of circuit 1 -- done
rank 1 | trajectory 74 of circuit 1 -- done
rank 0 | trajectory 281 of circuit 1 -- done
rank 2 | trajectory 43 of circuit 1 -- done
rank 3 | trajectory 352 of circuit 1 -- done
rank 3 | trajectory 408 of circuit 1 -- done
rank 3 | trajectory 404 of circuit 1 -- done
rank 3 | trajectory 88 of circuit 1 -- done
rank 3 | trajectory 36 of circuit 1 -- done
rank 3 | trajectory 568 of circuit 1 -- done
rank 1 | trajectory 694 of circuit 1 -- done
rank 3 | trajectory 72 of circuit 1 -- done
rank 1 | trajectory 98 of circuit 1 -- done
rank 2 | trajectory 127 of circuit 1 -- done
rank 3 | trajectory 432 of circuit 1 -- done
rank 1 | trajectory 546 of circuit 1 -- done
rank 0 | trajectory 321 of circuit 1 -- done
rank 1 | trajectory 570 of circuit 1 -- done
rank 2 | trajectory 415 of circuit 1 -- done
rank 3 | trajectory 388 of circuit 1 -- done
rank 3 | trajectory 12 of circuit 1 -- done
rank 3 | trajectory 92 of circuit 1 -- done
rank 0 | trajectory 385 of circuit 1 -- done
rank 0 | trajectory 377 of circuit 1 -- done
rank 1 | trajectory 382 of circuit 1 -- done
rank 0 | trajectory 25 of circuit 1 -- done
rank 0 | trajectory 113 of circuit 1 -- done
rank 2 | trajectory 131 of circuit 1 -- done
rank 3 | trajectory 680 of circuit 1 -- done
rank 1 | trajectory 534 of circuit 1 -- done
rank 3 | trajectory 580 of circuit 1 -- done
rank 3 | trajectory 60 of circuit 1 -- done
rank 0 | trajectory 497 of circuit 1 -- done
rank 1 | trajectory 370 of circuit 1 -- done
rank 0 | trajectory 361 of circuit 1 -- done
rank 1 | trajectory 618 of circuit 1 -- done
rank 3 | trajectory 592 of circuit 1 -- done
rank 3 | trajectory 116 of circuit 1 -- done
rank 2 | trajectory 323 of circuit 1 -- done
rank 3 | trajectory 604 of circuit 1 -- done
rank 2 | trajectory 499 of circuit 1 -- done
rank 3 | trajectory 720 of circuit 1 -- done
rank 2 | trajectory 683 of circuit 1 -- done
rank 0 | trajectory 489 of circuit 1 -- done
rank 2 | trajectory 631 of circuit 1 -- done
rank 3 | trajectory 20 of circuit 1 -- done
rank 0 | trajectory 369 of circuit 1 -- done
rank 2 | trajectory 427 of circuit 1 -- done
rank 1 | trajectory 558 of circuit 1 -- done
rank 2 | trajectory 459 of circuit 1 -- done
rank 2 | trajectory 559 of circuit 1 -- done
rank 3 | trajectory 228 of circuit 1 -- done
rank 2 | trajectory 639 of circuit 1 -- done
rank 0 | trajectory 421 of circuit 1 -- done
rank 2 | trajectory 483 of circuit 1 -- done
rank 2 | trajectory 547 of circuit 1 -- done
rank 3 | trajectory 372 of circuit 1 -- done
rank 2 | trajectory 691 of circuit 1 -- done
rank 2 | trajectory 319 of circuit 1 -- done
rank 3 | trajectory 4 of circuit 1 -- done
rank 1 | trajectory 654 of circuit 1 -- done
rank 1 | trajectory 174 of circuit 1 -- done
rank 1 | trajectory 598 of circuit 1 -- done
rank 0 | trajectory 509 of circuit 1 -- done
rank 2 | trajectory 191 of circuit 1 -- done
rank 1 | trajectory 606 of circuit 1 -- done
rank 3 | trajectory 44 of circuit 1 -- done
rank 2 | trajectory 359 of circuit 1 -- done
rank 2 | trajectory 511 of circuit 1 -- done
rank 2 | trajectory 587 of circuit 1 -- done
rank 0 | trajectory 629 of circuit 1 -- done
rank 3 | trajectory 584 of circuit 1 -- done
rank 2 | trajectory 731 of circuit 1 -- done
rank 3 | trajectory 212 of circuit 1 -- done
rank 2 | trajectory 391 of circuit 1 -- done
rank 0 | trajectory 309 of circuit 1 -- done
rank 1 | trajectory 634 of circuit 1 -- done
rank 3 | trajectory 464 of circuit 1 -- done
rank 3 | trajectory 644 of circuit 1 -- done
rank 2 | trajectory 115 of circuit 1 -- done
rank 2 | trajectory 31 of circuit 1 -- done
rank 2 | trajectory 307 of circuit 1 -- done
rank 3 | trajectory 376 of circuit 1 -- done
rank 3 | trajectory 268 of circuit 1 -- done
rank 0 | trajectory 473 of circuit 1 -- done
rank 1 | trajectory 126 of circuit 1 -- done
rank 0 | trajectory 545 of circuit 1 -- done
rank 1 | trajectory 710 of circuit 1 -- done
rank 3 | trajectory 540 of circuit 1 -- done
rank 2 | trajectory 739 of circuit 1 -- done
rank 0 | trajectory 261 of circuit 1 -- done
rank 2 | trajectory 651 of circuit 1 -- done
rank 3 | trajectory 308 of circuit 1 -- done
rank 3 | trajectory 564 of circuit 1 -- done
rank 0 | trajectory 165 of circuit 1 -- done
rank 2 | trajectory 443 of circuit 1 -- done
rank 0 | trajectory 577 of circuit 1 -- done
rank 0 | trajectory 657 of circuit 1 -- done
rank 1 | trajectory 478 of circuit 1 -- done
rank 1 | trajectory 670 of circuit 1 -- done
rank 1 | trajectory 494 of circuit 1 -- done
rank 3 | trajectory 440 of circuit 1 -- done
rank 0 | trajectory 277 of circuit 1 -- done
rank 0 | trajectory 741 of circuit 1 -- done
rank 0 | trajectory 433 of circuit 1 -- done
rank 1 | trajectory 462 of circuit 1 -- done
rank 0 | trajectory 733 of circuit 1 -- done
rank 2 | trajectory 51 of circuit 1 -- done
rank 3 | trajectory 272 of circuit 1 -- done
rank 2 | trajectory 83 of circuit 1 -- done
rank 2 | trajectory 295 of circuit 1 -- done
rank 0 | trajectory 205 of circuit 1 -- done
rank 2 | trajectory 7 of circuit 1 -- done
rank 3 | trajectory 80 of circuit 1 -- done
rank 3 | trajectory 296 of circuit 1 -- done
rank 0 | trajectory 389 of circuit 1 -- done
rank 3 | trajectory 496 of circuit 1 -- done
rank 2 | trajectory 363 of circuit 1 -- done
rank 2 | trajectory 583 of circuit 1 -- done
rank 2 | trajectory 347 of circuit 1 -- done
rank 3 | trajectory 688 of circuit 1 -- done
rank 3 | trajectory 528 of circuit 1 -- done
rank 2 | trajectory 571 of circuit 1 -- done
rank 0 | trajectory 17 of circuit 1 -- done
rank 0 | trajectory 533 of circuit 1 -- done
rank 1 | trajectory 414 of circuit 1 -- done
rank 3 | trajectory 284 of circuit 1 -- done
rank 1 | trajectory 50 of circuit 1 -- done
rank 1 | trajectory 142 of circuit 1 -- done
rank 1 | trajectory 10 of circuit 1 -- done
rank 3 | trajectory 628 of circuit 1 -- done
rank 2 | trajectory 271 of circuit 1 -- done
rank 1 | trajectory 158 of circuit 1 -- done
rank 2 | trajectory 475 of circuit 1 -- done
rank 2 | trajectory 531 of circuit 1 -- done
rank 1 | trajectory 34 of circuit 1 -- done
rank 3 | trajectory 508 of circuit 1 -- done
rank 2 | trajectory 735 of circuit 1 -- done
rank 1 | trajectory 550 of circuit 1 -- done
rank 0 | trajectory 89 of circuit 1 -- done
rank 3 | trajectory 340 of circuit 1 -- done
rank 0 | trajectory 553 of circuit 1 -- done
rank 2 | trajectory 715 of circuit 1 -- done
rank 3 | trajectory 368 of circuit 1 -- done
rank 3 | trajectory 148 of circuit 1 -- done
rank 3 | trajectory 596 of circuit 1 -- done
rank 2 | trajectory 719 of circuit 1 -- done
rank 1 | trajectory 246 of circuit 1 -- done
rank 0 | trajectory 541 of circuit 1 -- done
rank 0 | trajectory 209 of circuit 1 -- done
rank 2 | trajectory 659 of circuit 1 -- done
rank 3 | trajectory 452 of circuit 1 -- done
rank 3 | trajectory 632 of circuit 1 -- done
rank 3 | trajectory 664 of circuit 1 -- done
rank 0 | trajectory 397 of circuit 1 -- done
rank 3 | trajectory 492 of circuit 1 -- done
rank 0 | trajectory 685 of circuit 1 -- done
rank 3 | trajectory 344 of circuit 1 -- done
rank 3 | trajectory 668 of circuit 1 -- done
rank 2 | trajectory 579 of circuit 1 -- done
rank 1 | trajectory 682 of circuit 1 -- done
rank 2 | trajectory 567 of circuit 1 -- done
rank 2 | trajectory 279 of circuit 1 -- done
rank 3 | trajectory 108 of circuit 1 -- done
rank 2 | trajectory 19 of circuit 1 -- done
rank 3 | trajectory 460 of circuit 1 -- done
rank 0 | trajectory 53 of circuit 1 -- done
rank 2 | trajectory 375 of circuit 1 -- done
rank 2 | trajectory 211 of circuit 1 -- done
rank 0 | trajectory 65 of circuit 1 -- done
rank 3 | trajectory 160 of circuit 1 -- done
rank 3 | trajectory 436 of circuit 1 -- done
rank 0 | trajectory 181 of circuit 1 -- done
rank 2 | trajectory 487 of circuit 1 -- done
rank 2 | trajectory 399 of circuit 1 -- done
rank 3 | trajectory 316 of circuit 1 -- done
rank 0 | trajectory 237 of circuit 1 -- done
rank 3 | trajectory 472 of circuit 1 -- done
rank 2 | trajectory 423 of circuit 1 -- done
rank 2 | trajectory 63 of circuit 1 -- done
rank 0 | trajectory 513 of circuit 1 -- done
rank 3 | trajectory 648 of circuit 1 -- done
rank 2 | trajectory 707 of circuit 1 -- done
rank 2 | trajectory 667 of circuit 1 -- done
rank 0 | trajectory 725 of circuit 1 -- done
rank 1 | trajectory 366 of circuit 1 -- done
rank 1 | trajectory 338 of circuit 1 -- done
rank 2 | trajectory 743 of circuit 1 -- done
rank 3 | trajectory 104 of circuit 1 -- done
rank 3 | trajectory 676 of circuit 1 -- done
rank 3 | trajectory 412 of circuit 1 -- done
rank 0 | trajectory 257 of circuit 1 -- done
rank 3 | trajectory 328 of circuit 1 -- done
rank 2 | trajectory 119 of circuit 1 -- done
rank 0 | trajectory 621 of circuit 1 -- done
rank 0 | trajectory 417 of circuit 1 -- done
rank 1 | trajectory 542 of circuit 1 -- done
rank 2 | trajectory 79 of circuit 1 -- done
rank 2 | trajectory 215 of circuit 1 -- done
rank 1 | trajectory 254 of circuit 1 -- done
rank 2 | trajectory 227 of circuit 1 -- done
rank 2 | trajectory 11 of circuit 1 -- done
rank 2 | trajectory 539 of circuit 1 -- done
rank 2 | trajectory 111 of circuit 1 -- done
rank 0 | trajectory 325 of circuit 1 -- done
rank 3 | trajectory 736 of circuit 1 -- done
rank 1 | trajectory 406 of circuit 1 -- done
rank 0 | trajectory 213 of circuit 1 -- done
rank 2 | trajectory 255 of circuit 1 -- done
rank 3 | trajectory 740 of circuit 1 -- done
rank 2 | trajectory 503 of circuit 1 -- done
rank 1 | trajectory 58 of circuit 1 -- done
rank 2 | trajectory 755 of circuit 1 -- done
rank 3 | trajectory 324 of circuit 1 -- done
rank 2 | trajectory 479 of circuit 1 -- done
rank 1 | trajectory 390 of circuit 1 -- done
rank 0 | trajectory 145 of circuit 1 -- done
rank 1 | trajectory 650 of circuit 1 -- done
rank 3 | trajectory 100 of circuit 1 -- done
rank 2 | trajectory 183 of circuit 1 -- done
rank 3 | trajectory 420 of circuit 1 -- done
rank 2 | trajectory 687 of circuit 1 -- done
rank 0 | trajectory 109 of circuit 1 -- done
rank 2 | trajectory 195 of circuit 1 -- done
rank 0 | trajectory 505 of circuit 1 -- done
rank 2 | trajectory 223 of circuit 1 -- done
rank 3 | trajectory 204 of circuit 1 -- done
rank 1 | trajectory 118 of circuit 1 -- done
rank 2 | trajectory 383 of circuit 1 -- done
rank 3 | trajectory 124 of circuit 1 -- done
rank 0 | trajectory 229 of circuit 1 -- done
rank 3 | trajectory 548 of circuit 1 -- done
rank 2 | trajectory 395 of circuit 1 -- done
rank 0 | trajectory 137 of circuit 1 -- done
rank 2 | trajectory 107 of circuit 1 -- done
rank 3 | trajectory 76 of circuit 1 -- done
rank 1 | trajectory 594 of circuit 1 -- done
rank 1 | trajectory 574 of circuit 1 -- done
rank 0 | trajectory 37 of circuit 1 -- done
rank 3 | trajectory 700 of circuit 1 -- done
rank 2 | trajectory 159 of circuit 1 -- done
rank 2 | trajectory 311 of circuit 1 -- done
rank 3 | trajectory 384 of circuit 1 -- done
rank 3 | trajectory 732 of circuit 1 -- done
rank 1 | trajectory 438 of circuit 1 -- done
rank 1 | trajectory 714 of circuit 1 -- done
rank 2 | trajectory 563 of circuit 1 -- done
rank 0 | trajectory 349 of circuit 1 -- done
rank 1 | trajectory 170 of circuit 1 -- done
rank 0 | trajectory 289 of circuit 1 -- done
rank 2 | trajectory 711 of circuit 1 -- done
rank 0 | trajectory 605 of circuit 1 -- done
rank 0 | trajectory 405 of circuit 1 -- done
rank 1 | trajectory 202 of circuit 1 -- done
rank 3 | trajectory 16 of circuit 1 -- done
rank 0 | trajectory 297 of circuit 1 -- done
rank 2 | trajectory 663 of circuit 1 -- done
rank 0 | trajectory 649 of circuit 1 -- done
rank 3 | trajectory 744 of circuit 1 -- done
rank 3 | trajectory 64 of circuit 1 -- done
rank 1 | trajectory 754 of circuit 1 -- done
rank 1 | trajectory 286 of circuit 1 -- done
rank 3 | trajectory 612 of circuit 1 -- done
rank 0 | trajectory 169 of circuit 1 -- done
rank 0 | trajectory 717 of circuit 1 -- done
rank 2 | trajectory 139 of circuit 1 -- done
rank 2 | trajectory 627 of circuit 1 -- done
rank 3 | trajectory 320 of circuit 1 -- done
rank 3 | trajectory 752 of circuit 1 -- done
rank 1 | trajectory 490 of circuit 1 -- done
rank 2 | trajectory 3 of circuit 1 -- done
rank 1 | trajectory 262 of circuit 1 -- done
rank 0 | trajectory 329 of circuit 1 -- done
rank 3 | trajectory 188 of circuit 1 -- done
rank 2 | trajectory 635 of circuit 1 -- done
rank 3 | trajectory 164 of circuit 1 -- done
rank 0 | trajectory 477 of circuit 1 -- done
rank 3 | trajectory 636 of circuit 1 -- done
rank 0 | trajectory 765 of circuit 1 -- done
rank 3 | trajectory 264 of circuit 1 -- done
rank 2 | trajectory 723 of circuit 1 -- done
rank 0 | trajectory 445 of circuit 1 -- done
rank 2 | trajectory 403 of circuit 1 -- done
rank 0 | trajectory 33 of circuit 1 -- done
rank 2 | trajectory 143 of circuit 1 -- done
rank 3 | trajectory 400 of circuit 1 -- done
rank 0 | trajectory 125 of circuit 1 -- done
rank 3 | trajectory 28 of circuit 1 -- done
rank 0 | trajectory 173 of circuit 1 -- done
rank 0 | trajectory 641 of circuit 1 -- done
rank 2 | trajectory 419 of circuit 1 -- done
rank 2 | trajectory 759 of circuit 1 -- done
rank 1 | trajectory 358 of circuit 1 -- done
rank 0 | trajectory 677 of circuit 1 -- done
rank 0 | trajectory 693 of circuit 1 -- done
rank 1 | trajectory 498 of circuit 1 -- done
rank 1 | trajectory 662 of circuit 1 -- done
rank 3 | trajectory 428 of circuit 1 -- done
rank 0 | trajectory 217 of circuit 1 -- done
rank 1 | trajectory 758 of circuit 1 -- done
rank 2 | trajectory 727 of circuit 1 -- done
rank 0 | trajectory 529 of circuit 1 -- done
rank 3 | trajectory 216 of circuit 1 -- done
rank 0 | trajectory 681 of circuit 1 -- done
rank 3 | trajectory 256 of circuit 1 -- done
rank 1 | trajectory 198 of circuit 1 -- done
rank 2 | trajectory 287 of circuit 1 -- done
rank 2 | trajectory 407 of circuit 1 -- done
rank 2 | trajectory 135 of circuit 1 -- done
rank 3 | trajectory 696 of circuit 1 -- done
rank 2 | trajectory 259 of circuit 1 -- done
rank 3 | trajectory 748 of circuit 1 -- done
rank 1 | trajectory 706 of circuit 1 -- done
rank 0 | trajectory 353 of circuit 1 -- done
rank 3 | trajectory 620 of circuit 1 -- done
rank 1 | trajectory 410 of circuit 1 -- done
rank 3 | trajectory 712 of circuit 1 -- done
rank 0 | trajectory 401 of circuit 1 -- done
rank 2 | trajectory 147 of circuit 1 -- done
rank 3 | trajectory 600 of circuit 1 -- done
rank 2 | trajectory 575 of circuit 1 -- done
rank 2 | trajectory 431 of circuit 1 -- done
rank 1 | trajectory 630 of circuit 1 -- done
rank 2 | trajectory 655 of circuit 1 -- done
rank 3 | trajectory 552 of circuit 1 -- done
rank 2 | trajectory 335 of circuit 1 -- done
rank 1 | trajectory 278 of circuit 1 -- done
rank 2 | trajectory 607 of circuit 1 -- done
rank 0 | trajectory 149 of circuit 1 -- done
rank 0 | trajectory 189 of circuit 1 -- done
rank 0 | trajectory 9 of circuit 1 -- done
rank 1 | trajectory 78 of circuit 1 -- done
rank 0 | trajectory 201 of circuit 1 -- done
rank 2 | trajectory 695 of circuit 1 -- done
rank 0 | trajectory 581 of circuit 1 -- done
rank 1 | trajectory 738 of circuit 1 -- done
rank 2 | trajectory 591 of circuit 1 -- done
rank 0 | trajectory 589 of circuit 1 -- done
rank 1 | trajectory 282 of circuit 1 -- done
rank 1 | trajectory 486 of circuit 1 -- done
rank 1 | trajectory 186 of circuit 1 -- done
rank 3 | trajectory 260 of circuit 1 -- done
rank 0 | trajectory 517 of circuit 1 -- done
rank 3 | trajectory 252 of circuit 1 -- done
rank 0 | trajectory 525 of circuit 1 -- done
rank 2 | trajectory 71 of circuit 1 -- done
rank 2 | trajectory 239 of circuit 1 -- done
rank 2 | trajectory 327 of circuit 1 -- done
rank 3 | trajectory 132 of circuit 1 -- done
rank 0 | trajectory 521 of circuit 1 -- done
rank 1 | trajectory 110 of circuit 1 -- done
rank 1 | trajectory 70 of circuit 1 -- done
rank 3 | trajectory 684 of circuit 1 -- done
rank 0 | trajectory 101 of circuit 1 -- done
rank 0 | trajectory 549 of circuit 1 -- done
rank 2 | trajectory 671 of circuit 1 -- done
rank 0 | trajectory 413 of circuit 1 -- done
rank 2 | trajectory 331 of circuit 1 -- done
rank 2 | trajectory 235 of circuit 1 -- done
rank 2 | trajectory 371 of circuit 1 -- done
rank 0 | trajectory 705 of circuit 1 -- done
rank 2 | trajectory 187 of circuit 1 -- done
rank 1 | trajectory 742 of circuit 1 -- done
rank 1 | trajectory 458 of circuit 1 -- done
rank 0 | trajectory 77 of circuit 1 -- done
rank 2 | trajectory 291 of circuit 1 -- done
rank 0 | trajectory 185 of circuit 1 -- done
rank 0 | trajectory 617 of circuit 1 -- done
rank 1 | trajectory 322 of circuit 1 -- done
rank 0 | trajectory 437 of circuit 1 -- done
rank 2 | trajectory 491 of circuit 1 -- done
rank 3 | trajectory 168 of circuit 1 -- done
rank 3 | trajectory 356 of circuit 1 -- done
rank 2 | trajectory 91 of circuit 1 -- done
rank 1 | trajectory 178 of circuit 1 -- done
rank 0 | trajectory 609 of circuit 1 -- done
rank 1 | trajectory 674 of circuit 1 -- done
rank 0 | trajectory 117 of circuit 1 -- done
rank 2 | trajectory 411 of circuit 1 -- done
rank 2 | trajectory 751 of circuit 1 -- done
rank 1 | trajectory 234 of circuit 1 -- done
rank 0 | trajectory 485 of circuit 1 -- done
rank 0 | trajectory 141 of circuit 1 -- done
rank 1 | trajectory 326 of circuit 1 -- done
rank 3 | trajectory 152 of circuit 1 -- done
rank 0 | trajectory 601 of circuit 1 -- done
rank 0 | trajectory 61 of circuit 1 -- done
rank 3 | trajectory 760 of circuit 1 -- done
rank 0 | trajectory 557 of circuit 1 -- done
rank 1 | trajectory 222 of circuit 1 -- done
rank 1 | trajectory 474 of circuit 1 -- done
rank 0 | trajectory 637 of circuit 1 -- done
rank 2 | trajectory 379 of circuit 1 -- done
rank 2 | trajectory 551 of circuit 1 -- done
rank 3 | trajectory 236 of circuit 1 -- done
rank 1 | trajectory 238 of circuit 1 -- done
rank 0 | trajectory 425 of circuit 1 -- done
rank 0 | trajectory 129 of circuit 1 -- done
rank 2 | trajectory 59 of circuit 1 -- done
rank 3 | trajectory 364 of circuit 1 -- done
rank 2 | trajectory 675 of circuit 1 -- done
rank 2 | trajectory 703 of circuit 1 -- done
rank 3 | trajectory 52 of circuit 1 -- done
rank 2 | trajectory 247 of circuit 1 -- done
rank 1 | trajectory 298 of circuit 1 -- done
rank 2 | trajectory 343 of circuit 1 -- done
rank 0 | trajectory 241 of circuit 1 -- done
rank 2 | trajectory 303 of circuit 1 -- done
rank 1 | trajectory 418 of circuit 1 -- done
rank 1 | trajectory 162 of circuit 1 -- done
rank 0 | trajectory 673 of circuit 1 -- done
rank 1 | trajectory 702 of circuit 1 -- done
rank 3 | trajectory 520 of circuit 1 -- done
rank 0 | trajectory 373 of circuit 1 -- done
rank 1 | trajectory 590 of circuit 1 -- done
rank 1 | trajectory 506 of circuit 1 -- done
rank 1 | trajectory 386 of circuit 1 -- done
rank 0 | trajectory 245 of circuit 1 -- done
rank 2 | trajectory 267 of circuit 1 -- done
rank 0 | trajectory 697 of circuit 1 -- done
rank 0 | trajectory 317 of circuit 1 -- done
rank 0 | trajectory 449 of circuit 1 -- done
rank 2 | trajectory 315 of circuit 1 -- done
rank 3 | trajectory 708 of circuit 1 -- done
rank 0 | trajectory 345 of circuit 1 -- done
rank 0 | trajectory 749 of circuit 1 -- done
rank 1 | trajectory 154 of circuit 1 -- done
rank 1 | trajectory 206 of circuit 1 -- done
rank 0 | trajectory 461 of circuit 1 -- done
rank 0 | trajectory 501 of circuit 1 -- done
rank 1 | trajectory 114 of circuit 1 -- done
rank 0 | trajectory 493 of circuit 1 -- done
rank 1 | trajectory 446 of circuit 1 -- done
rank 1 | trajectory 470 of circuit 1 -- done
rank 1 | trajectory 522 of circuit 1 -- done
rank 2 | trajectory 171 of circuit 1 -- done
rank 1 | trajectory 210 of circuit 1 -- done
rank 0 | trajectory 305 of circuit 1 -- done
rank 1 | trajectory 190 of circuit 1 -- done
rank 1 | trajectory 46 of circuit 1 -- done




---------------------------------------------
complete:2024-06-07T12:18:37.373
---------------------------------------------




