The latest version of Julia in the `release` channel is 1.10.4+0.x64.linux.gnu. You currently have `1.10.3+0.x64.linux.gnu` installed. Run:

  juliaup update

in your terminal shell to install Julia 1.10.4+0.x64.linux.gnu and update the `release` channel to that version.
┌ Warning: The Pkg REPL mode is intended for interactive use only, and should not be used from scripts. It is recommended to use the functional API instead.
└ @ Pkg.REPLMode ~/.julia/juliaup/julia-1.10.3+0.x64.linux.gnu/share/julia/stdlib/v1.10/Pkg/src/REPLMode/REPLMode.jl:382
The latest version of Julia in the `release` channel is 1.10.4+0.x64.linux.gnu. You currently have `1.10.3+0.x64.linux.gnu` installed. Run:

  juliaup update

in your terminal shell to install Julia 1.10.4+0.x64.linux.gnu and update the `release` channel to that version.
┌ Warning: The Pkg REPL mode is intended for interactive use only, and should not be used from scripts. It is recommended to use the functional API instead.
└ @ Pkg.REPLMode ~/.julia/juliaup/julia-1.10.3+0.x64.linux.gnu/share/julia/stdlib/v1.10/Pkg/src/REPLMode/REPLMode.jl:382
The latest version of Julia in the `release` channel is 1.10.4+0.x64.linux.gnu. You currently have `1.10.3+0.x64.linux.gnu` installed. Run:

  juliaup update

in your terminal shell to install Julia 1.10.4+0.x64.linux.gnu and update the `release` channel to that version.
The latest version of Julia in the `release` channel is 1.10.4+0.x64.linux.gnu. You currently have `1.10.3+0.x64.linux.gnu` installed. Run:

  juliaup update

in your terminal shell to install Julia 1.10.4+0.x64.linux.gnu and update the `release` channel to that version.
The latest version of Julia in the `release` channel is 1.10.4+0.x64.linux.gnu. You currently have `1.10.3+0.x64.linux.gnu` installed. Run:

  juliaup update

in your terminal shell to install Julia 1.10.4+0.x64.linux.gnu and update the `release` channel to that version.
The latest version of Julia in the `release` channel is 1.10.4+0.x64.linux.gnu. You currently have `1.10.3+0.x64.linux.gnu` installed. Run:

  juliaup update

in your terminal shell to install Julia 1.10.4+0.x64.linux.gnu and update the `release` channel to that version.
The latest version of Julia in the `release` channel is 1.10.4+0.x64.linux.gnu. You currently have `1.10.3+0.x64.linux.gnu` installed. Run:

  juliaup update

in your terminal shell to install Julia 1.10.4+0.x64.linux.gnu and update the `release` channel to that version.
The latest version of Julia in the `release` channel is 1.10.4+0.x64.linux.gnu. You currently have `1.10.3+0.x64.linux.gnu` installed. Run:

  juliaup update

in your terminal shell to install Julia 1.10.4+0.x64.linux.gnu and update the `release` channel to that version.
The latest version of Julia in the `release` channel is 1.10.4+0.x64.linux.gnu. You currently have `1.10.3+0.x64.linux.gnu` installed. Run:

  juliaup update

in your terminal shell to install Julia 1.10.4+0.x64.linux.gnu and update the `release` channel to that version.
The latest version of Julia in the `release` channel is 1.10.4+0.x64.linux.gnu. You currently have `1.10.3+0.x64.linux.gnu` installed. Run:

  juliaup update

in your terminal shell to install Julia 1.10.4+0.x64.linux.gnu and update the `release` channel to that version.
The latest version of Julia in the `release` channel is 1.10.4+0.x64.linux.gnu. You currently have `1.10.3+0.x64.linux.gnu` installed. Run:

  juliaup update

in your terminal shell to install Julia 1.10.4+0.x64.linux.gnu and update the `release` channel to that version.
The latest version of Julia in the `release` channel is 1.10.4+0.x64.linux.gnu. You currently have `1.10.3+0.x64.linux.gnu` installed. Run:

  juliaup update

in your terminal shell to install Julia 1.10.4+0.x64.linux.gnu and update the `release` channel to that version.
The latest version of Julia in the `release` channel is 1.10.4+0.x64.linux.gnu. You currently have `1.10.3+0.x64.linux.gnu` installed. Run:

  juliaup update

in your terminal shell to install Julia 1.10.4+0.x64.linux.gnu and update the `release` channel to that version.
The latest version of Julia in the `release` channel is 1.10.4+0.x64.linux.gnu. You currently have `1.10.3+0.x64.linux.gnu` installed. Run:

  juliaup update

in your terminal shell to install Julia 1.10.4+0.x64.linux.gnu and update the `release` channel to that version.
The latest version of Julia in the `release` channel is 1.10.4+0.x64.linux.gnu. You currently have `1.10.3+0.x64.linux.gnu` installed. Run:

  juliaup update

in your terminal shell to install Julia 1.10.4+0.x64.linux.gnu and update the `release` channel to that version.
The latest version of Julia in the `release` channel is 1.10.4+0.x64.linux.gnu. You currently have `1.10.3+0.x64.linux.gnu` installed. Run:

  juliaup update

in your terminal shell to install Julia 1.10.4+0.x64.linux.gnu and update the `release` channel to that version.
The latest version of Julia in the `release` channel is 1.10.4+0.x64.linux.gnu. You currently have `1.10.3+0.x64.linux.gnu` installed. Run:

  juliaup update

in your terminal shell to install Julia 1.10.4+0.x64.linux.gnu and update the `release` channel to that version.
The latest version of Julia in the `release` channel is 1.10.4+0.x64.linux.gnu. You currently have `1.10.3+0.x64.linux.gnu` installed. Run:

  juliaup update

in your terminal shell to install Julia 1.10.4+0.x64.linux.gnu and update the `release` channel to that version.
The latest version of Julia in the `release` channel is 1.10.4+0.x64.linux.gnu. You currently have `1.10.3+0.x64.linux.gnu` installed. Run:

  juliaup update

in your terminal shell to install Julia 1.10.4+0.x64.linux.gnu and update the `release` channel to that version.
The latest version of Julia in the `release` channel is 1.10.4+0.x64.linux.gnu. You currently have `1.10.3+0.x64.linux.gnu` installed. Run:

  juliaup update

in your terminal shell to install Julia 1.10.4+0.x64.linux.gnu and update the `release` channel to that version.
The latest version of Julia in the `release` channel is 1.10.4+0.x64.linux.gnu. You currently have `1.10.3+0.x64.linux.gnu` installed. Run:

  juliaup update

in your terminal shell to install Julia 1.10.4+0.x64.linux.gnu and update the `release` channel to that version.
The latest version of Julia in the `release` channel is 1.10.4+0.x64.linux.gnu. You currently have `1.10.3+0.x64.linux.gnu` installed. Run:

  juliaup update

in your terminal shell to install Julia 1.10.4+0.x64.linux.gnu and update the `release` channel to that version.
The latest version of Julia in the `release` channel is 1.10.4+0.x64.linux.gnu. You currently have `1.10.3+0.x64.linux.gnu` installed. Run:

  juliaup update

in your terminal shell to install Julia 1.10.4+0.x64.linux.gnu and update the `release` channel to that version.
The latest version of Julia in the `release` channel is 1.10.4+0.x64.linux.gnu. You currently have `1.10.3+0.x64.linux.gnu` installed. Run:

  juliaup update

in your terminal shell to install Julia 1.10.4+0.x64.linux.gnu and update the `release` channel to that version.
The latest version of Julia in the `release` channel is 1.10.4+0.x64.linux.gnu. You currently have `1.10.3+0.x64.linux.gnu` installed. Run:

  juliaup update

in your terminal shell to install Julia 1.10.4+0.x64.linux.gnu and update the `release` channel to that version.
The latest version of Julia in the `release` channel is 1.10.4+0.x64.linux.gnu. You currently have `1.10.3+0.x64.linux.gnu` installed. Run:

  juliaup update

in your terminal shell to install Julia 1.10.4+0.x64.linux.gnu and update the `release` channel to that version.
The latest version of Julia in the `release` channel is 1.10.4+0.x64.linux.gnu. You currently have `1.10.3+0.x64.linux.gnu` installed. Run:

  juliaup update

in your terminal shell to install Julia 1.10.4+0.x64.linux.gnu and update the `release` channel to that version.
The latest version of Julia in the `release` channel is 1.10.4+0.x64.linux.gnu. You currently have `1.10.3+0.x64.linux.gnu` installed. Run:

  juliaup update

in your terminal shell to install Julia 1.10.4+0.x64.linux.gnu and update the `release` channel to that version.
The latest version of Julia in the `release` channel is 1.10.4+0.x64.linux.gnu. You currently have `1.10.3+0.x64.linux.gnu` installed. Run:

  juliaup update

in your terminal shell to install Julia 1.10.4+0.x64.linux.gnu and update the `release` channel to that version.
The latest version of Julia in the `release` channel is 1.10.4+0.x64.linux.gnu. You currently have `1.10.3+0.x64.linux.gnu` installed. Run:

  juliaup update

in your terminal shell to install Julia 1.10.4+0.x64.linux.gnu and update the `release` channel to that version.
The latest version of Julia in the `release` channel is 1.10.4+0.x64.linux.gnu. You currently have `1.10.3+0.x64.linux.gnu` installed. Run:

  juliaup update

in your terminal shell to install Julia 1.10.4+0.x64.linux.gnu and update the `release` channel to that version.
The latest version of Julia in the `release` channel is 1.10.4+0.x64.linux.gnu. You currently have `1.10.3+0.x64.linux.gnu` installed. Run:

  juliaup update

in your terminal shell to install Julia 1.10.4+0.x64.linux.gnu and update the `release` channel to that version.
The latest version of Julia in the `release` channel is 1.10.4+0.x64.linux.gnu. You currently have `1.10.3+0.x64.linux.gnu` installed. Run:

  juliaup update

in your terminal shell to install Julia 1.10.4+0.x64.linux.gnu and update the `release` channel to that version.
The latest version of Julia in the `release` channel is 1.10.4+0.x64.linux.gnu. You currently have `1.10.3+0.x64.linux.gnu` installed. Run:

  juliaup update

in your terminal shell to install Julia 1.10.4+0.x64.linux.gnu and update the `release` channel to that version.
The latest version of Julia in the `release` channel is 1.10.4+0.x64.linux.gnu. You currently have `1.10.3+0.x64.linux.gnu` installed. Run:

  juliaup update

in your terminal shell to install Julia 1.10.4+0.x64.linux.gnu and update the `release` channel to that version.
The latest version of Julia in the `release` channel is 1.10.4+0.x64.linux.gnu. You currently have `1.10.3+0.x64.linux.gnu` installed. Run:

  juliaup update

in your terminal shell to install Julia 1.10.4+0.x64.linux.gnu and update the `release` channel to that version.
The latest version of Julia in the `release` channel is 1.10.4+0.x64.linux.gnu. You currently have `1.10.3+0.x64.linux.gnu` installed. Run:

  juliaup update

in your terminal shell to install Julia 1.10.4+0.x64.linux.gnu and update the `release` channel to that version.
The latest version of Julia in the `release` channel is 1.10.4+0.x64.linux.gnu. You currently have `1.10.3+0.x64.linux.gnu` installed. Run:

  juliaup update

in your terminal shell to install Julia 1.10.4+0.x64.linux.gnu and update the `release` channel to that version.
The latest version of Julia in the `release` channel is 1.10.4+0.x64.linux.gnu. You currently have `1.10.3+0.x64.linux.gnu` installed. Run:

  juliaup update

in your terminal shell to install Julia 1.10.4+0.x64.linux.gnu and update the `release` channel to that version.
The latest version of Julia in the `release` channel is 1.10.4+0.x64.linux.gnu. You currently have `1.10.3+0.x64.linux.gnu` installed. Run:

  juliaup update

in your terminal shell to install Julia 1.10.4+0.x64.linux.gnu and update the `release` channel to that version.
The latest version of Julia in the `release` channel is 1.10.4+0.x64.linux.gnu. You currently have `1.10.3+0.x64.linux.gnu` installed. Run:

  juliaup update

in your terminal shell to install Julia 1.10.4+0.x64.linux.gnu and update the `release` channel to that version.
The latest version of Julia in the `release` channel is 1.10.4+0.x64.linux.gnu. You currently have `1.10.3+0.x64.linux.gnu` installed. Run:

  juliaup update

in your terminal shell to install Julia 1.10.4+0.x64.linux.gnu and update the `release` channel to that version.
The latest version of Julia in the `release` channel is 1.10.4+0.x64.linux.gnu. You currently have `1.10.3+0.x64.linux.gnu` installed. Run:

  juliaup update

in your terminal shell to install Julia 1.10.4+0.x64.linux.gnu and update the `release` channel to that version.
The latest version of Julia in the `release` channel is 1.10.4+0.x64.linux.gnu. You currently have `1.10.3+0.x64.linux.gnu` installed. Run:

  juliaup update

in your terminal shell to install Julia 1.10.4+0.x64.linux.gnu and update the `release` channel to that version.
The latest version of Julia in the `release` channel is 1.10.4+0.x64.linux.gnu. You currently have `1.10.3+0.x64.linux.gnu` installed. Run:

  juliaup update

in your terminal shell to install Julia 1.10.4+0.x64.linux.gnu and update the `release` channel to that version.
The latest version of Julia in the `release` channel is 1.10.4+0.x64.linux.gnu. You currently have `1.10.3+0.x64.linux.gnu` installed. Run:

  juliaup update

in your terminal shell to install Julia 1.10.4+0.x64.linux.gnu and update the `release` channel to that version.
The latest version of Julia in the `release` channel is 1.10.4+0.x64.linux.gnu. You currently have `1.10.3+0.x64.linux.gnu` installed. Run:

  juliaup update

in your terminal shell to install Julia 1.10.4+0.x64.linux.gnu and update the `release` channel to that version.
The latest version of Julia in the `release` channel is 1.10.4+0.x64.linux.gnu. You currently have `1.10.3+0.x64.linux.gnu` installed. Run:

  juliaup update

in your terminal shell to install Julia 1.10.4+0.x64.linux.gnu and update the `release` channel to that version.
The latest version of Julia in the `release` channel is 1.10.4+0.x64.linux.gnu. You currently have `1.10.3+0.x64.linux.gnu` installed. Run:

  juliaup update

in your terminal shell to install Julia 1.10.4+0.x64.linux.gnu and update the `release` channel to that version.
The latest version of Julia in the `release` channel is 1.10.4+0.x64.linux.gnu. You currently have `1.10.3+0.x64.linux.gnu` installed. Run:

  juliaup update

in your terminal shell to install Julia 1.10.4+0.x64.linux.gnu and update the `release` channel to that version.
The latest version of Julia in the `release` channel is 1.10.4+0.x64.linux.gnu. You currently have `1.10.3+0.x64.linux.gnu` installed. Run:

  juliaup update

in your terminal shell to install Julia 1.10.4+0.x64.linux.gnu and update the `release` channel to that version.
The latest version of Julia in the `release` channel is 1.10.4+0.x64.linux.gnu. You currently have `1.10.3+0.x64.linux.gnu` installed. Run:

  juliaup update

in your terminal shell to install Julia 1.10.4+0.x64.linux.gnu and update the `release` channel to that version.
KitaevNNN L = 88
KitaevNNN L = 88
KitaevNNN L = 88
KitaevNNN L = 88
KitaevNNN L = 88
KitaevNNN L = 88
KitaevNNN L = 88
KitaevNNN L = 88
KitaevNNN L = 88
KitaevNNN L = 88
KitaevNNN L = 88
KitaevNNN L = 88
KitaevNNN L = 88
KitaevNNN L = 88
KitaevNNN L = 88
KitaevNNN L = 88
KitaevNNN L = 88
KitaevNNN L = 88
KitaevNNN L = 88
KitaevNNN L = 88
KitaevNNN L = 88
KitaevNNN L = 88
KitaevNNN L = 88
KitaevNNN L = 88
KitaevNNN L = 88
KitaevNNN L = 88
KitaevNNN L = 88
KitaevNNN L = 88
KitaevNNN L = 88
KitaevNNN L = 88
KitaevNNN L = 88
KitaevNNN L = 88
KitaevNNN L = 88
KitaevNNN L = 88
KitaevNNN L = 88
KitaevNNN L = 88
KitaevNNN L = 88
KitaevNNN L = 88
KitaevNNN L = 88
KitaevNNN L = 88
KitaevNNN L = 88
KitaevNNN L = 88
KitaevNNN L = 88
KitaevNNN L = 88
KitaevNNN L = 88
KitaevNNN L = 88
KitaevNNN L = 88
KitaevNNN L = 88
KitaevNNN L = 88
KitaevNNN L = 88




---------------------------------------------
start:2024-06-09T19:12:04.797
---------------------------------------------




rank 0 | running with 192 threads | 384 trajectories to sample...
rank 16 | running with 192 threads | 384 trajectories to sample...
rank 17 | running with 192 threads | 384 trajectories to sample...
rank 21 | running with 192 threads | 384 trajectories to sample...
rank 20 | running with 192 threads | 384 trajectories to sample...
rank 32 | running with 192 threads | 384 trajectories to sample...
rank 19 | running with 192 threads | 384 trajectories to sample...
rank 48 | running with 192 threads | 384 trajectories to sample...
rank 40 | running with 192 threads | 384 trajectories to sample...
rank 25 | running with 192 threads | 384 trajectories to sample...
rank 33 | running with 192 threads | 384 trajectories to sample...
rank 36 | running with 192 threads | 384 trajectories to sample...
rank 37 | running with 192 threads | 384 trajectories to sample...
rank 18 | running with 192 threads | 384 trajectories to sample...
rank 1 | running with 192 threads | 384 trajectories to sample...
rank 44 | running with 192 threads | 384 trajectories to sample...
rank 35 | running with 192 threads | 384 trajectories to sample...
rank 49 | running with 192 threads | 384 trajectories to sample...
rank 41 | running with 192 threads | 384 trajectories to sample...
rank 24 | running with 192 threads | 384 trajectories to sample...
rank 3 | running with 192 threads | 384 trajectories to sample...
rank 34 | running with 192 threads | 384 trajectories to sample...
rank 2 | running with 192 threads | 384 trajectories to sample...
rank 6 | running with 192 threads | 384 trajectories to sample...
rank 26 | running with 192 threads | 384 trajectories to sample...
rank 28 | running with 192 threads | 384 trajectories to sample...
rank 15 | running with 192 threads | 384 trajectories to sample...
rank 27 | running with 192 threads | 384 trajectories to sample...
rank 42 | running with 192 threads | 384 trajectories to sample...
rank 29 | running with 192 threads | 384 trajectories to sample...
rank 38 | running with 192 threads | 384 trajectories to sample...
rank 14 | running with 192 threads | 384 trajectories to sample...
rank 11 | running with 192 threads | 384 trajectories to sample...
rank 47 | running with 192 threads | 384 trajectories to sample...
rank 45 | running with 192 threads | 384 trajectories to sample...
rank 39 | running with 192 threads | 384 trajectories to sample...
rank 23 | running with 192 threads | 384 trajectories to sample...
rank 43 | running with 192 threads | 384 trajectories to sample...
rank 22 | running with 192 threads | 384 trajectories to sample...
rank 9 | running with 192 threads | 384 trajectories to sample...
rank 8 | running with 192 threads | 384 trajectories to sample...
rank 4 | running with 192 threads | 384 trajectories to sample...
rank 5 | running with 192 threads | 384 trajectories to sample...
rank 31 | running with 192 threads | 384 trajectories to sample...
rank 46 | running with 192 threads | 384 trajectories to sample...
rank 12 | running with 192 threads | 384 trajectories to sample...
rank 30 | running with 192 threads | 384 trajectories to sample...
rank 7 | running with 192 threads | 384 trajectories to sample...
rank 13 | running with 192 threads | 384 trajectories to sample...
rank 10 | running with 192 threads | 384 trajectories to sample...
rank 25 | trajectory 47 of circuit 59 -- done
rank 45 | trajectory 132 of circuit 98 -- done
rank 1 | trajectory 71 of circuit 98 -- done
rank 7 | trajectory 31 of circuit 96 -- done
rank 14 | trajectory 72 of circuit 99 -- done
rank 4 | trajectory 95 of circuit 52 -- done
rank 2 | trajectory 68 of circuit 94 -- done
rank 46 | trajectory 81 of circuit 50 -- done
rank 0 | trajectory 89 of circuit 31 -- done
rank 39 | trajectory 32 of circuit 97 -- done
rank 27 | trajectory 1 of circuit 54 -- done
rank 28 | trajectory 69 of circuit 29 -- done
rank 38 | trajectory 112 of circuit 87 -- done
rank 8 | trajectory 102 of circuit 96 -- done
rank 32 | trajectory 60 of circuit 90 -- done
rank 46 | trajectory 137 of circuit 79 -- done
rank 33 | trajectory 134 of circuit 76 -- done
rank 12 | trajectory 186 of circuit 70 -- done
rank 25 | trajectory 184 of circuit 23 -- done
rank 34 | trajectory 46 of circuit 89 -- done
rank 6 | trajectory 140 of circuit 91 -- done
rank 39 | trajectory 182 of circuit 89 -- done
rank 39 | trajectory 30 of circuit 69 -- done
rank 18 | trajectory 120 of circuit 50 -- done
rank 39 | trajectory 162 of circuit 31 -- done
rank 15 | trajectory 101 of circuit 45 -- done
rank 12 | trajectory 79 of circuit 94 -- done
rank 30 | trajectory 73 of circuit 52 -- done
rank 16 | trajectory 17 of circuit 80 -- done
rank 38 | trajectory 172 of circuit 20 -- done
rank 14 | trajectory 28 of circuit 77 -- done
rank 44 | trajectory 59 of circuit 70 -- done
rank 39 | trajectory 57 of circuit 98 -- done
rank 48 | trajectory 47 of circuit 72 -- done
rank 14 | trajectory 155 of circuit 88 -- done
rank 38 | trajectory 69 of circuit 98 -- done
rank 39 | trajectory 163 of circuit 61 -- done
rank 21 | trajectory 60 of circuit 60 -- done
rank 22 | trajectory 83 of circuit 37 -- done
rank 8 | trajectory 18 of circuit 98 -- done
rank 26 | trajectory 136 of circuit 96 -- done
rank 46 | trajectory 140 of circuit 73 -- done
rank 29 | trajectory 184 of circuit 66 -- done
rank 39 | trajectory 121 of circuit 85 -- done
rank 23 | trajectory 50 of circuit 75 -- done
rank 38 | trajectory 160 of circuit 72 -- done
rank 32 | trajectory 182 of circuit 58 -- done
rank 20 | trajectory 134 of circuit 48 -- done
rank 23 | trajectory 75 of circuit 84 -- done
rank 46 | trajectory 123 of circuit 59 -- done
rank 21 | trajectory 138 of circuit 82 -- done
rank 49 | trajectory 169 of circuit 94 -- done
rank 39 | trajectory 68 of circuit 85 -- done
rank 46 | trajectory 143 of circuit 86 -- done
rank 36 | trajectory 1 of circuit 98 -- done
rank 14 | trajectory 38 of circuit 72 -- done
rank 4 | trajectory 107 of circuit 100 -- done
rank 38 | trajectory 32 of circuit 50 -- done
rank 12 | trajectory 28 of circuit 94 -- done
rank 10 | trajectory 138 of circuit 92 -- done
rank 22 | trajectory 176 of circuit 84 -- done
rank 13 | trajectory 107 of circuit 26 -- done
rank 14 | trajectory 41 of circuit 86 -- done
rank 10 | trajectory 89 of circuit 81 -- done
rank 15 | trajectory 141 of circuit 100 -- done
rank 22 | trajectory 20 of circuit 99 -- done
rank 30 | trajectory 15 of circuit 95 -- done
rank 15 | trajectory 149 of circuit 38 -- done
rank 10 | trajectory 115 of circuit 78 -- done
rank 17 | trajectory 75 of circuit 72 -- done
rank 46 | trajectory 23 of circuit 90 -- done
rank 33 | trajectory 32 of circuit 99 -- done
rank 4 | trajectory 84 of circuit 92 -- done
rank 0 | trajectory 141 of circuit 90 -- done
rank 46 | trajectory 103 of circuit 79 -- done
rank 31 | trajectory 93 of circuit 88 -- done
rank 10 | trajectory 28 of circuit 39 -- done
rank 35 | trajectory 136 of circuit 99 -- done
rank 49 | trajectory 176 of circuit 54 -- done
rank 16 | trajectory 138 of circuit 93 -- done
rank 33 | trajectory 68 of circuit 27 -- done
rank 45 | trajectory 120 of circuit 67 -- done
rank 34 | trajectory 61 of circuit 75 -- done
rank 13 | trajectory 179 of circuit 46 -- done
rank 46 | trajectory 38 of circuit 24 -- done
rank 26 | trajectory 182 of circuit 97 -- done
rank 5 | trajectory 89 of circuit 88 -- done
rank 37 | trajectory 3 of circuit 69 -- done
rank 23 | trajectory 17 of circuit 85 -- done
rank 22 | trajectory 166 of circuit 87 -- done
rank 48 | trajectory 172 of circuit 82 -- done
rank 5 | trajectory 155 of circuit 90 -- done
rank 30 | trajectory 180 of circuit 94 -- done
rank 20 | trajectory 60 of circuit 10 -- done
rank 38 | trajectory 36 of circuit 81 -- done
rank 49 | trajectory 113 of circuit 97 -- done
rank 4 | trajectory 115 of circuit 92 -- done
rank 39 | trajectory 74 of circuit 97 -- done
rank 34 | trajectory 124 of circuit 97 -- done
rank 46 | trajectory 21 of circuit 86 -- done
rank 49 | trajectory 41 of circuit 38 -- done
rank 49 | trajectory 17 of circuit 90 -- done
rank 32 | trajectory 129 of circuit 55 -- done
rank 12 | trajectory 117 of circuit 96 -- done
rank 16 | trajectory 116 of circuit 85 -- done
rank 32 | trajectory 111 of circuit 96 -- done
rank 39 | trajectory 149 of circuit 13 -- done
rank 21 | trajectory 41 of circuit 71 -- done
rank 49 | trajectory 88 of circuit 74 -- done
rank 0 | trajectory 82 of circuit 92 -- done
rank 49 | trajectory 119 of circuit 87 -- done
rank 30 | trajectory 18 of circuit 84 -- done
rank 21 | trajectory 87 of circuit 67 -- done
rank 21 | trajectory 112 of circuit 92 -- done
rank 25 | trajectory 117 of circuit 60 -- done
rank 42 | trajectory 36 of circuit 97 -- done
rank 14 | trajectory 160 of circuit 68 -- done
rank 21 | trajectory 42 of circuit 89 -- done
rank 38 | trajectory 20 of circuit 83 -- done
rank 49 | trajectory 69 of circuit 58 -- done
rank 21 | trajectory 52 of circuit 56 -- done
rank 49 | trajectory 181 of circuit 19 -- done
rank 46 | trajectory 125 of circuit 95 -- done
rank 7 | trajectory 139 of circuit 8 -- done
rank 9 | trajectory 89 of circuit 49 -- done
rank 44 | trajectory 176 of circuit 87 -- done
rank 34 | trajectory 115 of circuit 95 -- done
rank 29 | trajectory 181 of circuit 98 -- done
rank 49 | trajectory 145 of circuit 89 -- done
rank 16 | trajectory 176 of circuit 89 -- done
rank 12 | trajectory 94 of circuit 69 -- done
rank 15 | trajectory 78 of circuit 98 -- done
rank 13 | trajectory 132 of circuit 29 -- done
rank 30 | trajectory 114 of circuit 85 -- done
rank 27 | trajectory 53 of circuit 49 -- done
rank 26 | trajectory 126 of circuit 54 -- done
rank 41 | trajectory 1 of circuit 61 -- done
rank 49 | trajectory 150 of circuit 78 -- done
rank 29 | trajectory 182 of circuit 100 -- done
rank 16 | trajectory 19 of circuit 87 -- done
rank 23 | trajectory 30 of circuit 75 -- done
rank 40 | trajectory 192 of circuit 94 -- done
rank 0 | trajectory 139 of circuit 81 -- done
rank 30 | trajectory 65 of circuit 81 -- done
rank 32 | trajectory 107 of circuit 84 -- done
rank 46 | trajectory 22 of circuit 85 -- done
rank 10 | trajectory 179 of circuit 35 -- done
rank 14 | trajectory 14 of circuit 82 -- done
rank 44 | trajectory 38 of circuit 33 -- done
rank 32 | trajectory 1 of circuit 50 -- done
rank 28 | trajectory 120 of circuit 96 -- done
rank 39 | trajectory 76 of circuit 93 -- done
rank 14 | trajectory 135 of circuit 93 -- done
rank 3 | trajectory 10 of circuit 35 -- done
rank 46 | trajectory 25 of circuit 58 -- done
rank 38 | trajectory 43 of circuit 39 -- done
rank 22 | trajectory 19 of circuit 98 -- done
rank 39 | trajectory 177 of circuit 33 -- done
rank 20 | trajectory 90 of circuit 32 -- done
rank 13 | trajectory 54 of circuit 68 -- done
rank 17 | trajectory 13 of circuit 60 -- done
rank 34 | trajectory 150 of circuit 59 -- done
rank 49 | trajectory 164 of circuit 87 -- done
rank 39 | trajectory 97 of circuit 48 -- done
rank 25 | trajectory 177 of circuit 48 -- done
rank 10 | trajectory 125 of circuit 26 -- done
rank 49 | trajectory 47 of circuit 96 -- done
rank 19 | trajectory 192 of circuit 96 -- done
rank 39 | trajectory 40 of circuit 93 -- done
rank 42 | trajectory 2 of circuit 81 -- done
rank 1 | trajectory 24 of circuit 66 -- done
rank 3 | trajectory 66 of circuit 80 -- done
rank 46 | trajectory 142 of circuit 42 -- done
rank 2 | trajectory 127 of circuit 76 -- done
rank 39 | trajectory 98 of circuit 99 -- done
rank 16 | trajectory 186 of circuit 89 -- done
rank 18 | trajectory 157 of circuit 55 -- done
rank 13 | trajectory 66 of circuit 28 -- done
rank 31 | trajectory 1 of circuit 100 -- done
rank 17 | trajectory 154 of circuit 68 -- done
rank 0 | trajectory 187 of circuit 97 -- done
rank 41 | trajectory 87 of circuit 100 -- done
rank 26 | trajectory 162 of circuit 81 -- done
rank 23 | trajectory 151 of circuit 20 -- done
rank 32 | trajectory 28 of circuit 88 -- done
rank 10 | trajectory 13 of circuit 79 -- done
rank 25 | trajectory 127 of circuit 100 -- done
rank 17 | trajectory 11 of circuit 48 -- done
rank 10 | trajectory 27 of circuit 82 -- done
rank 14 | trajectory 24 of circuit 52 -- done
rank 24 | trajectory 98 of circuit 96 -- done
rank 21 | trajectory 158 of circuit 80 -- done
rank 49 | trajectory 146 of circuit 20 -- done
rank 46 | trajectory 69 of circuit 73 -- done
rank 10 | trajectory 189 of circuit 37 -- done
rank 6 | trajectory 4 of circuit 80 -- done
rank 49 | trajectory 108 of circuit 70 -- done
rank 20 | trajectory 3 of circuit 67 -- done
rank 14 | trajectory 144 of circuit 68 -- done
rank 46 | trajectory 170 of circuit 78 -- done
rank 41 | trajectory 185 of circuit 87 -- done
rank 5 | trajectory 92 of circuit 50 -- done
rank 39 | trajectory 55 of circuit 64 -- done
rank 21 | trajectory 120 of circuit 29 -- done
rank 46 | trajectory 12 of circuit 6 -- done
rank 6 | trajectory 178 of circuit 47 -- done
rank 49 | trajectory 25 of circuit 85 -- done
rank 25 | trajectory 64 of circuit 80 -- done
rank 21 | trajectory 18 of circuit 52 -- done
rank 2 | trajectory 24 of circuit 94 -- done
rank 21 | trajectory 1 of circuit 63 -- done
rank 49 | trajectory 4 of circuit 31 -- done
rank 30 | trajectory 94 of circuit 86 -- done
rank 14 | trajectory 75 of circuit 10 -- done
rank 21 | trajectory 71 of circuit 15 -- done
rank 38 | trajectory 132 of circuit 54 -- done
rank 2 | trajectory 37 of circuit 20 -- done
rank 49 | trajectory 79 of circuit 50 -- done
rank 12 | trajectory 51 of circuit 10 -- done
rank 46 | trajectory 26 of circuit 89 -- done
rank 17 | trajectory 96 of circuit 74 -- done
rank 9 | trajectory 81 of circuit 89 -- done
rank 38 | trajectory 118 of circuit 76 -- done
rank 46 | trajectory 135 of circuit 32 -- done
rank 21 | trajectory 125 of circuit 58 -- done
rank 8 | trajectory 50 of circuit 100 -- done
rank 5 | trajectory 188 of circuit 94 -- done
rank 33 | trajectory 101 of circuit 93 -- done
rank 32 | trajectory 73 of circuit 20 -- done
rank 2 | trajectory 139 of circuit 92 -- done
rank 38 | trajectory 187 of circuit 98 -- done
rank 4 | trajectory 83 of circuit 79 -- done
rank 34 | trajectory 127 of circuit 20 -- done
rank 39 | trajectory 61 of circuit 89 -- done
rank 49 | trajectory 105 of circuit 85 -- done
rank 21 | trajectory 118 of circuit 41 -- done
rank 46 | trajectory 40 of circuit 60 -- done
rank 17 | trajectory 90 of circuit 68 -- done
rank 4 | trajectory 19 of circuit 89 -- done
rank 23 | trajectory 127 of circuit 3 -- done
rank 23 | trajectory 157 of circuit 88 -- done
rank 22 | trajectory 15 of circuit 74 -- done
rank 5 | trajectory 13 of circuit 97 -- done
rank 9 | trajectory 68 of circuit 98 -- done
rank 21 | trajectory 55 of circuit 62 -- done
rank 23 | trajectory 64 of circuit 99 -- done
rank 9 | trajectory 118 of circuit 25 -- done
rank 46 | trajectory 51 of circuit 78 -- done
rank 22 | trajectory 137 of circuit 88 -- done
rank 30 | trajectory 151 of circuit 24 -- done
rank 41 | trajectory 95 of circuit 27 -- done
rank 44 | trajectory 152 of circuit 65 -- done
rank 35 | trajectory 147 of circuit 87 -- done
rank 45 | trajectory 107 of circuit 74 -- done
rank 34 | trajectory 167 of circuit 82 -- done
rank 18 | trajectory 134 of circuit 89 -- done
rank 11 | trajectory 78 of circuit 85 -- done
rank 39 | trajectory 167 of circuit 32 -- done
rank 1 | trajectory 166 of circuit 29 -- done
rank 48 | trajectory 163 of circuit 89 -- done
rank 30 | trajectory 160 of circuit 24 -- done
rank 13 | trajectory 59 of circuit 46 -- done
rank 35 | trajectory 131 of circuit 82 -- done
rank 21 | trajectory 27 of circuit 14 -- done
rank 14 | trajectory 64 of circuit 55 -- done
rank 15 | trajectory 103 of circuit 31 -- done
rank 25 | trajectory 149 of circuit 53 -- done
rank 46 | trajectory 78 of circuit 75 -- done
rank 25 | trajectory 120 of circuit 81 -- done
rank 3 | trajectory 48 of circuit 73 -- done
rank 34 | trajectory 15 of circuit 89 -- done
rank 30 | trajectory 83 of circuit 80 -- done
rank 37 | trajectory 63 of circuit 80 -- done
rank 25 | trajectory 123 of circuit 69 -- done
rank 46 | trajectory 108 of circuit 8 -- done
rank 9 | trajectory 60 of circuit 99 -- done
rank 1 | trajectory 85 of circuit 20 -- done
rank 49 | trajectory 2 of circuit 31 -- done
rank 15 | trajectory 158 of circuit 73 -- done
rank 15 | trajectory 46 of circuit 28 -- done
rank 39 | trajectory 147 of circuit 76 -- done
rank 49 | trajectory 163 of circuit 79 -- done
rank 38 | trajectory 15 of circuit 91 -- done
rank 48 | trajectory 184 of circuit 83 -- done
rank 23 | trajectory 55 of circuit 83 -- done
rank 46 | trajectory 174 of circuit 32 -- done
rank 39 | trajectory 48 of circuit 98 -- done
rank 37 | trajectory 37 of circuit 96 -- done
rank 15 | trajectory 31 of circuit 90 -- done
rank 0 | trajectory 128 of circuit 92 -- done
rank 15 | trajectory 47 of circuit 84 -- done
rank 30 | trajectory 105 of circuit 70 -- done
rank 16 | trajectory 82 of circuit 33 -- done
rank 14 | trajectory 190 of circuit 93 -- done
rank 18 | trajectory 149 of circuit 76 -- done
rank 13 | trajectory 127 of circuit 70 -- done
rank 49 | trajectory 68 of circuit 33 -- done
rank 46 | trajectory 90 of circuit 42 -- done
rank 22 | trajectory 162 of circuit 25 -- done
rank 10 | trajectory 139 of circuit 85 -- done
rank 30 | trajectory 91 of circuit 75 -- done
rank 39 | trajectory 94 of circuit 34 -- done
rank 26 | trajectory 174 of circuit 100 -- done
rank 46 | trajectory 154 of circuit 56 -- done
rank 25 | trajectory 140 of circuit 54 -- done
rank 31 | trajectory 154 of circuit 74 -- done
rank 16 | trajectory 156 of circuit 66 -- done
rank 14 | trajectory 19 of circuit 62 -- done
rank 34 | trajectory 25 of circuit 35 -- done
rank 14 | trajectory 116 of circuit 84 -- done
rank 11 | trajectory 38 of circuit 54 -- done
rank 5 | trajectory 128 of circuit 23 -- done
rank 46 | trajectory 14 of circuit 48 -- done
rank 46 | trajectory 192 of circuit 30 -- done
rank 15 | trajectory 100 of circuit 98 -- done
rank 41 | trajectory 30 of circuit 46 -- done
rank 26 | trajectory 152 of circuit 82 -- done
rank 49 | trajectory 114 of circuit 70 -- done
rank 26 | trajectory 188 of circuit 55 -- done
rank 12 | trajectory 178 of circuit 90 -- done
rank 46 | trajectory 96 of circuit 45 -- done
rank 2 | trajectory 141 of circuit 21 -- done
rank 34 | trajectory 107 of circuit 3 -- done
rank 22 | trajectory 101 of circuit 37 -- done
rank 39 | trajectory 128 of circuit 27 -- done
rank 4 | trajectory 179 of circuit 98 -- done
rank 42 | trajectory 188 of circuit 72 -- done
rank 7 | trajectory 44 of circuit 91 -- done
rank 6 | trajectory 184 of circuit 87 -- done
rank 30 | trajectory 131 of circuit 89 -- done
rank 21 | trajectory 129 of circuit 82 -- done
rank 17 | trajectory 72 of circuit 27 -- done
rank 4 | trajectory 147 of circuit 65 -- done
rank 44 | trajectory 162 of circuit 66 -- done
rank 0 | trajectory 149 of circuit 16 -- done
rank 6 | trajectory 57 of circuit 77 -- done
rank 15 | trajectory 106 of circuit 99 -- done
rank 48 | trajectory 122 of circuit 100 -- done
rank 23 | trajectory 150 of circuit 94 -- done
rank 42 | trajectory 47 of circuit 92 -- done
rank 14 | trajectory 154 of circuit 72 -- done
rank 22 | trajectory 143 of circuit 71 -- done
rank 41 | trajectory 112 of circuit 94 -- done
rank 26 | trajectory 177 of circuit 66 -- done
rank 44 | trajectory 4 of circuit 100 -- done
rank 41 | trajectory 76 of circuit 94 -- done
rank 30 | trajectory 110 of circuit 96 -- done
rank 38 | trajectory 29 of circuit 51 -- done
rank 12 | trajectory 173 of circuit 97 -- done
rank 26 | trajectory 105 of circuit 95 -- done
rank 32 | trajectory 191 of circuit 72 -- done
rank 34 | trajectory 168 of circuit 96 -- done
rank 46 | trajectory 183 of circuit 70 -- done
rank 37 | trajectory 175 of circuit 48 -- done
rank 33 | trajectory 100 of circuit 99 -- done
rank 15 | trajectory 136 of circuit 68 -- done
rank 24 | trajectory 37 of circuit 99 -- done
rank 33 | trajectory 86 of circuit 97 -- done
rank 49 | trajectory 103 of circuit 78 -- done
rank 2 | trajectory 182 of circuit 78 -- done
rank 37 | trajectory 180 of circuit 92 -- done
rank 19 | trajectory 168 of circuit 86 -- done
rank 2 | trajectory 105 of circuit 46 -- done
rank 26 | trajectory 46 of circuit 87 -- done
rank 25 | trajectory 186 of circuit 43 -- done
rank 20 | trajectory 30 of circuit 89 -- done
rank 14 | trajectory 1 of circuit 92 -- done
rank 10 | trajectory 187 of circuit 81 -- done
rank 3 | trajectory 161 of circuit 91 -- done
rank 42 | trajectory 176 of circuit 93 -- done
rank 23 | trajectory 186 of circuit 99 -- done
rank 41 | trajectory 192 of circuit 64 -- done
rank 16 | trajectory 179 of circuit 90 -- done
rank 44 | trajectory 165 of circuit 98 -- done
rank 34 | trajectory 39 of circuit 82 -- done
rank 19 | trajectory 152 of circuit 56 -- done
rank 39 | trajectory 144 of circuit 84 -- done
rank 26 | trajectory 10 of circuit 73 -- done
rank 49 | trajectory 74 of circuit 59 -- done
rank 41 | trajectory 66 of circuit 41 -- done
rank 38 | trajectory 31 of circuit 16 -- done
rank 21 | trajectory 190 of circuit 89 -- done
rank 44 | trajectory 124 of circuit 85 -- done
rank 13 | trajectory 92 of circuit 100 -- done
rank 4 | trajectory 154 of circuit 87 -- done
rank 48 | trajectory 192 of circuit 95 -- done
rank 18 | trajectory 94 of circuit 100 -- done
rank 48 | trajectory 100 of circuit 40 -- done
rank 20 | trajectory 166 of circuit 31 -- done
rank 26 | trajectory 163 of circuit 53 -- done
rank 32 | trajectory 83 of circuit 84 -- done
rank 21 | trajectory 192 of circuit 99 -- done
rank 45 | trajectory 78 of circuit 51 -- done
rank 21 | trajectory 36 of circuit 86 -- done
rank 28 | trajectory 42 of circuit 45 -- done
rank 25 | trajectory 182 of circuit 92 -- done
rank 18 | trajectory 19 of circuit 99 -- done
rank 17 | trajectory 12 of circuit 98 -- done
rank 30 | trajectory 170 of circuit 96 -- done
rank 45 | trajectory 147 of circuit 29 -- done
rank 31 | trajectory 130 of circuit 93 -- done
rank 20 | trajectory 97 of circuit 88 -- done
rank 16 | trajectory 26 of circuit 24 -- done
rank 21 | trajectory 6 of circuit 18 -- done
rank 8 | trajectory 152 of circuit 37 -- done
rank 14 | trajectory 15 of circuit 36 -- done
rank 9 | trajectory 47 of circuit 54 -- done
rank 41 | trajectory 27 of circuit 18 -- done
rank 7 | trajectory 76 of circuit 66 -- done
rank 29 | trajectory 188 of circuit 100 -- done
rank 30 | trajectory 79 of circuit 37 -- done
rank 4 | trajectory 157 of circuit 63 -- done
rank 1 | trajectory 64 of circuit 90 -- done
rank 32 | trajectory 179 of circuit 42 -- done
rank 13 | trajectory 42 of circuit 84 -- done
rank 43 | trajectory 171 of circuit 45 -- done
rank 12 | trajectory 19 of circuit 93 -- done
rank 10 | trajectory 185 of circuit 97 -- done
rank 4 | trajectory 25 of circuit 45 -- done
rank 49 | trajectory 30 of circuit 76 -- done
rank 25 | trajectory 70 of circuit 87 -- done
rank 3 | trajectory 187 of circuit 80 -- done
rank 10 | trajectory 167 of circuit 89 -- done
rank 24 | trajectory 23 of circuit 47 -- done
rank 2 | trajectory 133 of circuit 43 -- done
rank 0 | trajectory 30 of circuit 30 -- done
rank 32 | trajectory 118 of circuit 100 -- done
rank 28 | trajectory 117 of circuit 69 -- done
rank 46 | trajectory 102 of circuit 67 -- done
rank 47 | trajectory 27 of circuit 97 -- done
rank 2 | trajectory 22 of circuit 72 -- done
rank 46 | trajectory 147 of circuit 99 -- done
rank 2 | trajectory 83 of circuit 73 -- done
rank 0 | trajectory 148 of circuit 98 -- done
rank 23 | trajectory 177 of circuit 34 -- done
rank 11 | trajectory 141 of circuit 96 -- done
rank 27 | trajectory 191 of circuit 44 -- done
rank 39 | trajectory 33 of circuit 62 -- done
rank 28 | trajectory 23 of circuit 71 -- done
rank 20 | trajectory 149 of circuit 87 -- done
rank 4 | trajectory 140 of circuit 46 -- done
rank 5 | trajectory 79 of circuit 90 -- done
rank 15 | trajectory 179 of circuit 53 -- done
rank 30 | trajectory 47 of circuit 78 -- done
rank 4 | trajectory 28 of circuit 73 -- done
rank 15 | trajectory 164 of circuit 20 -- done
rank 14 | trajectory 191 of circuit 61 -- done
rank 9 | trajectory 116 of circuit 78 -- done
rank 39 | trajectory 113 of circuit 68 -- done
rank 10 | trajectory 129 of circuit 97 -- done
rank 30 | trajectory 57 of circuit 82 -- done
rank 13 | trajectory 104 of circuit 92 -- done
rank 7 | trajectory 192 of circuit 100 -- done
rank 10 | trajectory 186 of circuit 46 -- done
rank 2 | trajectory 131 of circuit 68 -- done
rank 26 | trajectory 186 of circuit 85 -- done
rank 16 | trajectory 28 of circuit 74 -- done
rank 17 | trajectory 98 of circuit 92 -- done
rank 44 | trajectory 113 of circuit 28 -- done
rank 39 | trajectory 7 of circuit 67 -- done
rank 48 | trajectory 153 of circuit 92 -- done
rank 20 | trajectory 169 of circuit 92 -- done
rank 49 | trajectory 29 of circuit 99 -- done
rank 45 | trajectory 173 of circuit 92 -- done
rank 10 | trajectory 86 of circuit 83 -- done
rank 25 | trajectory 172 of circuit 27 -- done
rank 0 | trajectory 88 of circuit 93 -- done
rank 14 | trajectory 29 of circuit 18 -- done
rank 9 | trajectory 24 of circuit 39 -- done
rank 10 | trajectory 160 of circuit 48 -- done
rank 19 | trajectory 43 of circuit 98 -- done
rank 10 | trajectory 16 of circuit 30 -- done
rank 48 | trajectory 86 of circuit 38 -- done
rank 31 | trajectory 27 of circuit 63 -- done
rank 0 | trajectory 11 of circuit 46 -- done
rank 39 | trajectory 184 of circuit 99 -- done
rank 16 | trajectory 4 of circuit 72 -- done
rank 30 | trajectory 23 of circuit 91 -- done
rank 4 | trajectory 119 of circuit 93 -- done
rank 47 | trajectory 103 of circuit 44 -- done
rank 46 | trajectory 163 of circuit 98 -- done
rank 23 | trajectory 99 of circuit 92 -- done
rank 19 | trajectory 77 of circuit 88 -- done
rank 5 | trajectory 97 of circuit 91 -- done
rank 29 | trajectory 64 of circuit 98 -- done
rank 46 | trajectory 9 of circuit 32 -- done
rank 20 | trajectory 73 of circuit 83 -- done
rank 45 | trajectory 38 of circuit 70 -- done
rank 22 | trajectory 140 of circuit 62 -- done
rank 44 | trajectory 72 of circuit 100 -- done
rank 23 | trajectory 188 of circuit 35 -- done
rank 14 | trajectory 178 of circuit 97 -- done
rank 17 | trajectory 102 of circuit 62 -- done
rank 9 | trajectory 113 of circuit 92 -- done
rank 11 | trajectory 104 of circuit 70 -- done
rank 3 | trajectory 20 of circuit 45 -- done
rank 37 | trajectory 166 of circuit 76 -- done
rank 15 | trajectory 121 of circuit 91 -- done
rank 6 | trajectory 1 of circuit 77 -- done
rank 40 | trajectory 177 of circuit 43 -- done
rank 41 | trajectory 19 of circuit 59 -- done
rank 24 | trajectory 2 of circuit 76 -- done
rank 37 | trajectory 104 of circuit 98 -- done
rank 4 | trajectory 120 of circuit 91 -- done
rank 46 | trajectory 112 of circuit 54 -- done
rank 48 | trajectory 33 of circuit 72 -- done
rank 43 | trajectory 162 of circuit 80 -- done
rank 45 | trajectory 160 of circuit 61 -- done
rank 49 | trajectory 73 of circuit 82 -- done
rank 7 | trajectory 169 of circuit 76 -- done
rank 36 | trajectory 148 of circuit 100 -- done
rank 41 | trajectory 102 of circuit 32 -- done
rank 1 | trajectory 22 of circuit 93 -- done
rank 34 | trajectory 24 of circuit 36 -- done
rank 29 | trajectory 4 of circuit 88 -- done
rank 21 | trajectory 132 of circuit 42 -- done
rank 38 | trajectory 106 of circuit 68 -- done
rank 41 | trajectory 187 of circuit 75 -- done
rank 14 | trajectory 21 of circuit 96 -- done
rank 13 | trajectory 40 of circuit 59 -- done
rank 19 | trajectory 3 of circuit 82 -- done
rank 49 | trajectory 14 of circuit 95 -- done
rank 6 | trajectory 5 of circuit 82 -- done
rank 1 | trajectory 17 of circuit 86 -- done
rank 22 | trajectory 95 of circuit 72 -- done
rank 36 | trajectory 54 of circuit 53 -- done
rank 29 | trajectory 165 of circuit 59 -- done
rank 8 | trajectory 100 of circuit 11 -- done
rank 5 | trajectory 133 of circuit 26 -- done
rank 39 | trajectory 125 of circuit 85 -- done
rank 25 | trajectory 52 of circuit 46 -- done
rank 14 | trajectory 124 of circuit 53 -- done
rank 39 | trajectory 165 of circuit 41 -- done
rank 6 | trajectory 73 of circuit 40 -- done
rank 43 | trajectory 114 of circuit 96 -- done
rank 28 | trajectory 95 of circuit 96 -- done
rank 46 | trajectory 118 of circuit 20 -- done
rank 7 | trajectory 189 of circuit 89 -- done
rank 31 | trajectory 132 of circuit 36 -- done
rank 26 | trajectory 122 of circuit 91 -- done
rank 15 | trajectory 71 of circuit 100 -- done
rank 24 | trajectory 57 of circuit 53 -- done
rank 44 | trajectory 2 of circuit 29 -- done
rank 34 | trajectory 1 of circuit 28 -- done
rank 3 | trajectory 192 of circuit 63 -- done
rank 30 | trajectory 66 of circuit 45 -- done
rank 4 | trajectory 39 of circuit 88 -- done
rank 42 | trajectory 143 of circuit 42 -- done
rank 0 | trajectory 108 of circuit 83 -- done
rank 41 | trajectory 71 of circuit 97 -- done
rank 14 | trajectory 146 of circuit 76 -- done
rank 9 | trajectory 69 of circuit 90 -- done
rank 16 | trajectory 35 of circuit 71 -- done
rank 21 | trajectory 144 of circuit 69 -- done
rank 7 | trajectory 170 of circuit 100 -- done
rank 23 | trajectory 176 of circuit 83 -- done
rank 31 | trajectory 38 of circuit 40 -- done
rank 15 | trajectory 94 of circuit 99 -- done
rank 40 | trajectory 179 of circuit 85 -- done
rank 1 | trajectory 126 of circuit 15 -- done
rank 25 | trajectory 122 of circuit 58 -- done
rank 17 | trajectory 107 of circuit 88 -- done
rank 36 | trajectory 87 of circuit 94 -- done
rank 1 | trajectory 10 of circuit 26 -- done
rank 13 | trajectory 185 of circuit 95 -- done
rank 3 | trajectory 18 of circuit 83 -- done
rank 10 | trajectory 75 of circuit 93 -- done
rank 21 | trajectory 101 of circuit 99 -- done
rank 14 | trajectory 31 of circuit 66 -- done
rank 48 | trajectory 56 of circuit 66 -- done
rank 49 | trajectory 67 of circuit 82 -- done
rank 6 | trajectory 49 of circuit 81 -- done
rank 11 | trajectory 155 of circuit 92 -- done
rank 46 | trajectory 179 of circuit 45 -- done
rank 21 | trajectory 86 of circuit 67 -- done
rank 30 | trajectory 150 of circuit 24 -- done
rank 39 | trajectory 175 of circuit 3 -- done
rank 25 | trajectory 187 of circuit 73 -- done
rank 22 | trajectory 44 of circuit 63 -- done
rank 9 | trajectory 117 of circuit 84 -- done
rank 47 | trajectory 23 of circuit 98 -- done
rank 46 | trajectory 24 of circuit 57 -- done
rank 48 | trajectory 166 of circuit 100 -- done
rank 1 | trajectory 167 of circuit 27 -- done
rank 13 | trajectory 29 of circuit 88 -- done
rank 38 | trajectory 125 of circuit 42 -- done
rank 4 | trajectory 48 of circuit 86 -- done
rank 35 | trajectory 153 of circuit 44 -- done
rank 19 | trajectory 61 of circuit 88 -- done
rank 34 | trajectory 190 of circuit 37 -- done
rank 31 | trajectory 96 of circuit 80 -- done
rank 40 | trajectory 10 of circuit 80 -- done
rank 49 | trajectory 70 of circuit 86 -- done
rank 45 | trajectory 58 of circuit 98 -- done
rank 35 | trajectory 151 of circuit 85 -- done
rank 41 | trajectory 168 of circuit 48 -- done
rank 47 | trajectory 42 of circuit 95 -- done
rank 16 | trajectory 55 of circuit 74 -- done
rank 17 | trajectory 172 of circuit 48 -- done
rank 49 | trajectory 77 of circuit 79 -- done
rank 10 | trajectory 88 of circuit 51 -- done
rank 13 | trajectory 56 of circuit 100 -- done
rank 23 | trajectory 79 of circuit 87 -- done
rank 2 | trajectory 28 of circuit 93 -- done
rank 41 | trajectory 74 of circuit 49 -- done
rank 13 | trajectory 35 of circuit 98 -- done
rank 45 | trajectory 44 of circuit 81 -- done
rank 42 | trajectory 183 of circuit 46 -- done
rank 20 | trajectory 15 of circuit 46 -- done
rank 37 | trajectory 28 of circuit 54 -- done
rank 26 | trajectory 53 of circuit 58 -- done
rank 36 | trajectory 120 of circuit 34 -- done
rank 38 | trajectory 75 of circuit 92 -- done
rank 18 | trajectory 143 of circuit 70 -- done
rank 4 | trajectory 112 of circuit 61 -- done
rank 15 | trajectory 162 of circuit 50 -- done
rank 17 | trajectory 46 of circuit 92 -- done
rank 30 | trajectory 5 of circuit 84 -- done
rank 49 | trajectory 151 of circuit 51 -- done
rank 47 | trajectory 132 of circuit 53 -- done
rank 3 | trajectory 112 of circuit 47 -- done
rank 33 | trajectory 31 of circuit 77 -- done
rank 2 | trajectory 53 of circuit 99 -- done
rank 47 | trajectory 86 of circuit 86 -- done
rank 29 | trajectory 70 of circuit 49 -- done
rank 38 | trajectory 19 of circuit 74 -- done
rank 1 | trajectory 52 of circuit 75 -- done
rank 7 | trajectory 119 of circuit 31 -- done
rank 32 | trajectory 59 of circuit 94 -- done
rank 30 | trajectory 190 of circuit 62 -- done
rank 46 | trajectory 111 of circuit 33 -- done
rank 22 | trajectory 114 of circuit 99 -- done
rank 19 | trajectory 55 of circuit 93 -- done
rank 48 | trajectory 74 of circuit 45 -- done
rank 14 | trajectory 82 of circuit 71 -- done
rank 16 | trajectory 41 of circuit 62 -- done
rank 8 | trajectory 44 of circuit 95 -- done
rank 41 | trajectory 81 of circuit 48 -- done
rank 26 | trajectory 111 of circuit 54 -- done
rank 0 | trajectory 39 of circuit 55 -- done
rank 12 | trajectory 137 of circuit 65 -- done
rank 36 | trajectory 64 of circuit 60 -- done
rank 34 | trajectory 123 of circuit 52 -- done
rank 22 | trajectory 142 of circuit 44 -- done
rank 3 | trajectory 138 of circuit 69 -- done
rank 33 | trajectory 121 of circuit 56 -- done
rank 20 | trajectory 94 of circuit 84 -- done
rank 21 | trajectory 96 of circuit 60 -- done
rank 38 | trajectory 44 of circuit 88 -- done
rank 16 | trajectory 77 of circuit 100 -- done
rank 46 | trajectory 158 of circuit 65 -- done
rank 10 | trajectory 118 of circuit 70 -- done
rank 20 | trajectory 58 of circuit 100 -- done
rank 24 | trajectory 121 of circuit 26 -- done
rank 29 | trajectory 30 of circuit 71 -- done
rank 49 | trajectory 157 of circuit 27 -- done
rank 44 | trajectory 126 of circuit 61 -- done
rank 23 | trajectory 76 of circuit 92 -- done
rank 12 | trajectory 136 of circuit 22 -- done
rank 38 | trajectory 48 of circuit 42 -- done
rank 49 | trajectory 42 of circuit 48 -- done
rank 26 | trajectory 49 of circuit 76 -- done
rank 39 | trajectory 119 of circuit 99 -- done
rank 36 | trajectory 155 of circuit 38 -- done
rank 21 | trajectory 29 of circuit 100 -- done
rank 5 | trajectory 112 of circuit 42 -- done
rank 16 | trajectory 68 of circuit 41 -- done
rank 43 | trajectory 68 of circuit 71 -- done
rank 37 | trajectory 20 of circuit 92 -- done
rank 23 | trajectory 32 of circuit 94 -- done
rank 24 | trajectory 192 of circuit 71 -- done
rank 0 | trajectory 14 of circuit 60 -- done
rank 10 | trajectory 70 of circuit 83 -- done
rank 41 | trajectory 138 of circuit 3 -- done
rank 2 | trajectory 147 of circuit 41 -- done
rank 7 | trajectory 25 of circuit 67 -- done
rank 16 | trajectory 66 of circuit 52 -- done
rank 4 | trajectory 90 of circuit 73 -- done
rank 17 | trajectory 45 of circuit 6 -- done
rank 5 | trajectory 90 of circuit 26 -- done
rank 44 | trajectory 71 of circuit 86 -- done
rank 6 | trajectory 107 of circuit 76 -- done
rank 2 | trajectory 39 of circuit 89 -- done
rank 32 | trajectory 166 of circuit 84 -- done
rank 24 | trajectory 133 of circuit 36 -- done
rank 25 | trajectory 69 of circuit 53 -- done
rank 0 | trajectory 76 of circuit 78 -- done
rank 22 | trajectory 124 of circuit 26 -- done
rank 42 | trajectory 51 of circuit 82 -- done
rank 18 | trajectory 173 of circuit 90 -- done
rank 7 | trajectory 165 of circuit 70 -- done
rank 17 | trajectory 140 of circuit 45 -- done
rank 49 | trajectory 34 of circuit 48 -- done
rank 47 | trajectory 83 of circuit 89 -- done
rank 29 | trajectory 92 of circuit 96 -- done
rank 41 | trajectory 166 of circuit 95 -- done
rank 7 | trajectory 56 of circuit 85 -- done
rank 0 | trajectory 52 of circuit 98 -- done
rank 25 | trajectory 53 of circuit 25 -- done
rank 5 | trajectory 19 of circuit 32 -- done
rank 10 | trajectory 180 of circuit 13 -- done
rank 49 | trajectory 126 of circuit 93 -- done
rank 45 | trajectory 77 of circuit 71 -- done
rank 19 | trajectory 169 of circuit 85 -- done
rank 15 | trajectory 185 of circuit 91 -- done
rank 20 | trajectory 88 of circuit 46 -- done
rank 12 | trajectory 170 of circuit 46 -- done
rank 35 | trajectory 63 of circuit 81 -- done
rank 9 | trajectory 48 of circuit 83 -- done
rank 16 | trajectory 134 of circuit 79 -- done
rank 49 | trajectory 78 of circuit 63 -- done
rank 8 | trajectory 17 of circuit 93 -- done
rank 17 | trajectory 71 of circuit 31 -- done
rank 10 | trajectory 42 of circuit 17 -- done
rank 24 | trajectory 126 of circuit 19 -- done
rank 21 | trajectory 163 of circuit 83 -- done
rank 39 | trajectory 180 of circuit 70 -- done
rank 43 | trajectory 184 of circuit 46 -- done
rank 9 | trajectory 173 of circuit 64 -- done
rank 41 | trajectory 59 of circuit 41 -- done
rank 45 | trajectory 3 of circuit 95 -- done
rank 23 | trajectory 28 of circuit 59 -- done
rank 44 | trajectory 143 of circuit 95 -- done
rank 8 | trajectory 103 of circuit 63 -- done
rank 2 | trajectory 149 of circuit 68 -- done
rank 41 | trajectory 123 of circuit 56 -- done
rank 37 | trajectory 36 of circuit 24 -- done
rank 48 | trajectory 102 of circuit 79 -- done
rank 11 | trajectory 27 of circuit 96 -- done
rank 49 | trajectory 130 of circuit 47 -- done
rank 18 | trajectory 74 of circuit 70 -- done
rank 19 | trajectory 147 of circuit 48 -- done
rank 23 | trajectory 163 of circuit 54 -- done
rank 37 | trajectory 98 of circuit 73 -- done
rank 13 | trajectory 154 of circuit 18 -- done
rank 22 | trajectory 56 of circuit 92 -- done
rank 39 | trajectory 156 of circuit 62 -- done
rank 5 | trajectory 124 of circuit 36 -- done
rank 4 | trajectory 162 of circuit 52 -- done
rank 33 | trajectory 115 of circuit 83 -- done
rank 20 | trajectory 152 of circuit 81 -- done
rank 15 | trajectory 51 of circuit 72 -- done
rank 37 | trajectory 155 of circuit 41 -- done
rank 0 | trajectory 132 of circuit 76 -- done
rank 18 | trajectory 112 of circuit 57 -- done
rank 34 | trajectory 81 of circuit 80 -- done
rank 16 | trajectory 132 of circuit 40 -- done
rank 24 | trajectory 128 of circuit 4 -- done
rank 14 | trajectory 170 of circuit 30 -- done
rank 18 | trajectory 50 of circuit 92 -- done
rank 15 | trajectory 16 of circuit 59 -- done
rank 23 | trajectory 59 of circuit 100 -- done
rank 25 | trajectory 26 of circuit 22 -- done
rank 30 | trajectory 144 of circuit 75 -- done
rank 25 | trajectory 161 of circuit 68 -- done
rank 23 | trajectory 1 of circuit 59 -- done
rank 48 | trajectory 140 of circuit 39 -- done
rank 41 | trajectory 142 of circuit 83 -- done
rank 21 | trajectory 83 of circuit 74 -- done
rank 30 | trajectory 167 of circuit 51 -- done
rank 8 | trajectory 179 of circuit 31 -- done
rank 24 | trajectory 102 of circuit 7 -- done
rank 44 | trajectory 49 of circuit 11 -- done
rank 17 | trajectory 152 of circuit 14 -- done
rank 1 | trajectory 50 of circuit 96 -- done
rank 15 | trajectory 22 of circuit 47 -- done
rank 40 | trajectory 42 of circuit 83 -- done
rank 10 | trajectory 61 of circuit 29 -- done
rank 32 | trajectory 26 of circuit 84 -- done
rank 9 | trajectory 115 of circuit 56 -- done
rank 34 | trajectory 125 of circuit 79 -- done
rank 13 | trajectory 58 of circuit 80 -- done
rank 0 | trajectory 146 of circuit 49 -- done
rank 32 | trajectory 72 of circuit 96 -- done
rank 44 | trajectory 117 of circuit 86 -- done
rank 26 | trajectory 47 of circuit 81 -- done
rank 3 | trajectory 39 of circuit 79 -- done
rank 43 | trajectory 32 of circuit 90 -- done
rank 30 | trajectory 122 of circuit 44 -- done
rank 17 | trajectory 148 of circuit 68 -- done
rank 32 | trajectory 11 of circuit 97 -- done
rank 4 | trajectory 151 of circuit 67 -- done
rank 23 | trajectory 22 of circuit 21 -- done
rank 28 | trajectory 1 of circuit 10 -- done
rank 37 | trajectory 151 of circuit 66 -- done
rank 21 | trajectory 179 of circuit 95 -- done
rank 30 | trajectory 68 of circuit 72 -- done
rank 41 | trajectory 47 of circuit 51 -- done
rank 48 | trajectory 65 of circuit 73 -- done
rank 41 | trajectory 7 of circuit 93 -- done
rank 33 | trajectory 41 of circuit 48 -- done
rank 10 | trajectory 106 of circuit 59 -- done
rank 48 | trajectory 176 of circuit 66 -- done
rank 26 | trajectory 139 of circuit 59 -- done
rank 46 | trajectory 104 of circuit 87 -- done
rank 6 | trajectory 153 of circuit 28 -- done
rank 32 | trajectory 175 of circuit 83 -- done
rank 17 | trajectory 183 of circuit 69 -- done
rank 35 | trajectory 121 of circuit 44 -- done
rank 0 | trajectory 15 of circuit 94 -- done
rank 42 | trajectory 179 of circuit 89 -- done
rank 49 | trajectory 115 of circuit 13 -- done
rank 15 | trajectory 45 of circuit 77 -- done
rank 9 | trajectory 160 of circuit 87 -- done
rank 1 | trajectory 174 of circuit 62 -- done
rank 30 | trajectory 67 of circuit 95 -- done
rank 42 | trajectory 66 of circuit 32 -- done
rank 32 | trajectory 40 of circuit 72 -- done
rank 7 | trajectory 50 of circuit 41 -- done
rank 41 | trajectory 11 of circuit 65 -- done
rank 30 | trajectory 149 of circuit 36 -- done
rank 20 | trajectory 156 of circuit 100 -- done
rank 9 | trajectory 63 of circuit 91 -- done
rank 46 | trajectory 99 of circuit 14 -- done
rank 14 | trajectory 66 of circuit 56 -- done
rank 42 | trajectory 174 of circuit 37 -- done
rank 39 | trajectory 103 of circuit 90 -- done
rank 13 | trajectory 183 of circuit 50 -- done
rank 31 | trajectory 21 of circuit 58 -- done
rank 47 | trajectory 1 of circuit 86 -- done
rank 41 | trajectory 36 of circuit 30 -- done
rank 44 | trajectory 185 of circuit 65 -- done
rank 6 | trajectory 13 of circuit 91 -- done
rank 43 | trajectory 28 of circuit 98 -- done
rank 12 | trajectory 40 of circuit 77 -- done
rank 4 | trajectory 58 of circuit 81 -- done
rank 32 | trajectory 48 of circuit 56 -- done
rank 38 | trajectory 71 of circuit 71 -- done
rank 39 | trajectory 60 of circuit 80 -- done
rank 9 | trajectory 99 of circuit 51 -- done
rank 42 | trajectory 157 of circuit 48 -- done
rank 30 | trajectory 175 of circuit 90 -- done
rank 37 | trajectory 178 of circuit 75 -- done
rank 3 | trajectory 158 of circuit 74 -- done
rank 10 | trajectory 108 of circuit 30 -- done
rank 25 | trajectory 169 of circuit 52 -- done
rank 46 | trajectory 10 of circuit 90 -- done
rank 45 | trajectory 27 of circuit 24 -- done
rank 23 | trajectory 84 of circuit 86 -- done
rank 7 | trajectory 146 of circuit 94 -- done
rank 30 | trajectory 106 of circuit 56 -- done
rank 47 | trajectory 105 of circuit 99 -- done
rank 26 | trajectory 124 of circuit 99 -- done
rank 40 | trajectory 157 of circuit 83 -- done
rank 46 | trajectory 139 of circuit 56 -- done
rank 23 | trajectory 73 of circuit 1 -- done
rank 39 | trajectory 78 of circuit 64 -- done
rank 21 | trajectory 130 of circuit 88 -- done
rank 13 | trajectory 176 of circuit 74 -- done
rank 18 | trajectory 106 of circuit 44 -- done
rank 37 | trajectory 107 of circuit 57 -- done
rank 28 | trajectory 64 of circuit 75 -- done
rank 16 | trajectory 110 of circuit 89 -- done
rank 32 | trajectory 148 of circuit 46 -- done
rank 14 | trajectory 145 of circuit 74 -- done
rank 37 | trajectory 165 of circuit 88 -- done
rank 36 | trajectory 45 of circuit 88 -- done
rank 37 | trajectory 154 of circuit 78 -- done
rank 13 | trajectory 34 of circuit 53 -- done
rank 46 | trajectory 68 of circuit 89 -- done
rank 48 | trajectory 177 of circuit 75 -- done
rank 2 | trajectory 81 of circuit 83 -- done
rank 34 | trajectory 49 of circuit 10 -- done
rank 22 | trajectory 160 of circuit 34 -- done
rank 23 | trajectory 41 of circuit 89 -- done
rank 20 | trajectory 66 of circuit 97 -- done
rank 41 | trajectory 128 of circuit 57 -- done
rank 0 | trajectory 78 of circuit 24 -- done
rank 48 | trajectory 167 of circuit 90 -- done
rank 21 | trajectory 67 of circuit 51 -- done
rank 38 | trajectory 117 of circuit 94 -- done
rank 15 | trajectory 52 of circuit 66 -- done
rank 17 | trajectory 67 of circuit 68 -- done
rank 22 | trajectory 63 of circuit 26 -- done
rank 2 | trajectory 177 of circuit 11 -- done
rank 10 | trajectory 109 of circuit 37 -- done
rank 13 | trajectory 68 of circuit 99 -- done
rank 14 | trajectory 183 of circuit 88 -- done
rank 49 | trajectory 116 of circuit 87 -- done
rank 36 | trajectory 48 of circuit 90 -- done
rank 18 | trajectory 38 of circuit 91 -- done
rank 35 | trajectory 158 of circuit 100 -- done
rank 48 | trajectory 19 of circuit 100 -- done
rank 41 | trajectory 24 of circuit 1 -- done
rank 5 | trajectory 25 of circuit 43 -- done
rank 25 | trajectory 78 of circuit 44 -- done
rank 45 | trajectory 33 of circuit 69 -- done
rank 14 | trajectory 110 of circuit 61 -- done
rank 30 | trajectory 103 of circuit 88 -- done
rank 12 | trajectory 73 of circuit 26 -- done
rank 1 | trajectory 33 of circuit 27 -- done
rank 8 | trajectory 12 of circuit 85 -- done
rank 15 | trajectory 104 of circuit 94 -- done
rank 3 | trajectory 180 of circuit 35 -- done
rank 5 | trajectory 94 of circuit 61 -- done
rank 39 | trajectory 157 of circuit 7 -- done
rank 49 | trajectory 44 of circuit 86 -- done
rank 0 | trajectory 105 of circuit 89 -- done
rank 14 | trajectory 188 of circuit 92 -- done
rank 25 | trajectory 153 of circuit 81 -- done
rank 10 | trajectory 107 of circuit 80 -- done
rank 45 | trajectory 172 of circuit 60 -- done
rank 21 | trajectory 126 of circuit 47 -- done
rank 38 | trajectory 170 of circuit 40 -- done
rank 43 | trajectory 143 of circuit 92 -- done
rank 13 | trajectory 3 of circuit 83 -- done
rank 14 | trajectory 46 of circuit 30 -- done
rank 25 | trajectory 146 of circuit 43 -- done
rank 49 | trajectory 52 of circuit 97 -- done
rank 31 | trajectory 82 of circuit 99 -- done
rank 31 | trajectory 133 of circuit 80 -- done
rank 8 | trajectory 87 of circuit 99 -- done
rank 44 | trajectory 155 of circuit 81 -- done
rank 20 | trajectory 157 of circuit 84 -- done
rank 38 | trajectory 39 of circuit 83 -- done
rank 32 | trajectory 189 of circuit 91 -- done
rank 12 | trajectory 44 of circuit 52 -- done
rank 29 | trajectory 142 of circuit 92 -- done
rank 5 | trajectory 145 of circuit 52 -- done
rank 31 | trajectory 185 of circuit 57 -- done
rank 1 | trajectory 124 of circuit 15 -- done
rank 34 | trajectory 163 of circuit 74 -- done
rank 40 | trajectory 113 of circuit 71 -- done
rank 26 | trajectory 90 of circuit 57 -- done
rank 18 | trajectory 90 of circuit 65 -- done
rank 35 | trajectory 127 of circuit 86 -- done
rank 28 | trajectory 149 of circuit 2 -- done
rank 21 | trajectory 75 of circuit 25 -- done
rank 10 | trajectory 55 of circuit 72 -- done
rank 21 | trajectory 187 of circuit 9 -- done
rank 0 | trajectory 49 of circuit 43 -- done
rank 12 | trajectory 93 of circuit 64 -- done
rank 0 | trajectory 137 of circuit 41 -- done
rank 41 | trajectory 14 of circuit 30 -- done
rank 17 | trajectory 68 of circuit 76 -- done
rank 1 | trajectory 28 of circuit 90 -- done
rank 11 | trajectory 92 of circuit 99 -- done
rank 3 | trajectory 63 of circuit 96 -- done
rank 33 | trajectory 165 of circuit 48 -- done
rank 8 | trajectory 91 of circuit 98 -- done
rank 49 | trajectory 154 of circuit 81 -- done
rank 33 | trajectory 166 of circuit 79 -- done
rank 49 | trajectory 174 of circuit 88 -- done
rank 44 | trajectory 118 of circuit 57 -- done
rank 17 | trajectory 121 of circuit 57 -- done
rank 21 | trajectory 157 of circuit 76 -- done
rank 38 | trajectory 177 of circuit 92 -- done
rank 13 | trajectory 106 of circuit 87 -- done
rank 39 | trajectory 183 of circuit 85 -- done
rank 41 | trajectory 145 of circuit 72 -- done
rank 36 | trajectory 175 of circuit 97 -- done
rank 42 | trajectory 136 of circuit 90 -- done
rank 17 | trajectory 39 of circuit 58 -- done
rank 45 | trajectory 150 of circuit 56 -- done
rank 19 | trajectory 29 of circuit 72 -- done
rank 18 | trajectory 192 of circuit 29 -- done
rank 0 | trajectory 99 of circuit 35 -- done
rank 49 | trajectory 177 of circuit 85 -- done
rank 23 | trajectory 100 of circuit 95 -- done
rank 48 | trajectory 174 of circuit 78 -- done
rank 49 | trajectory 188 of circuit 51 -- done
rank 40 | trajectory 146 of circuit 63 -- done
rank 39 | trajectory 138 of circuit 76 -- done
rank 37 | trajectory 124 of circuit 93 -- done
rank 24 | trajectory 125 of circuit 53 -- done
rank 23 | trajectory 36 of circuit 40 -- done
rank 25 | trajectory 88 of circuit 96 -- done
rank 12 | trajectory 75 of circuit 49 -- done
rank 0 | trajectory 122 of circuit 55 -- done
rank 6 | trajectory 168 of circuit 74 -- done
rank 1 | trajectory 143 of circuit 62 -- done
rank 46 | trajectory 11 of circuit 16 -- done
rank 5 | trajectory 140 of circuit 87 -- done
rank 43 | trajectory 154 of circuit 88 -- done
rank 29 | trajectory 172 of circuit 80 -- done
rank 37 | trajectory 168 of circuit 46 -- done
rank 39 | trajectory 129 of circuit 79 -- done
rank 15 | trajectory 72 of circuit 55 -- done
rank 19 | trajectory 102 of circuit 4 -- done
rank 34 | trajectory 142 of circuit 28 -- done
rank 10 | trajectory 71 of circuit 91 -- done
rank 40 | trajectory 57 of circuit 96 -- done
rank 41 | trajectory 34 of circuit 36 -- done
rank 9 | trajectory 73 of circuit 85 -- done
rank 2 | trajectory 120 of circuit 92 -- done
rank 1 | trajectory 159 of circuit 63 -- done
rank 17 | trajectory 145 of circuit 45 -- done
rank 19 | trajectory 91 of circuit 100 -- done
rank 15 | trajectory 37 of circuit 43 -- done
rank 32 | trajectory 185 of circuit 55 -- done
rank 23 | trajectory 20 of circuit 28 -- done
rank 36 | trajectory 30 of circuit 64 -- done
rank 29 | trajectory 73 of circuit 38 -- done
rank 26 | trajectory 29 of circuit 78 -- done
rank 31 | trajectory 71 of circuit 59 -- done
rank 21 | trajectory 33 of circuit 83 -- done
rank 34 | trajectory 96 of circuit 18 -- done
rank 32 | trajectory 143 of circuit 56 -- done
rank 2 | trajectory 96 of circuit 33 -- done
rank 46 | trajectory 133 of circuit 96 -- done
rank 23 | trajectory 116 of circuit 95 -- done
rank 26 | trajectory 44 of circuit 49 -- done
rank 10 | trajectory 6 of circuit 91 -- done
rank 49 | trajectory 66 of circuit 75 -- done
rank 33 | trajectory 154 of circuit 86 -- done
rank 14 | trajectory 78 of circuit 82 -- done
rank 6 | trajectory 93 of circuit 97 -- done
rank 20 | trajectory 96 of circuit 53 -- done
rank 25 | trajectory 141 of circuit 60 -- done
rank 35 | trajectory 75 of circuit 12 -- done
rank 49 | trajectory 87 of circuit 21 -- done
rank 5 | trajectory 109 of circuit 67 -- done
rank 26 | trajectory 25 of circuit 48 -- done
rank 15 | trajectory 108 of circuit 98 -- done
rank 39 | trajectory 19 of circuit 35 -- done
rank 33 | trajectory 110 of circuit 100 -- done
rank 9 | trajectory 32 of circuit 67 -- done
rank 2 | trajectory 158 of circuit 49 -- done
rank 35 | trajectory 143 of circuit 80 -- done
rank 19 | trajectory 33 of circuit 96 -- done
rank 17 | trajectory 5 of circuit 98 -- done
rank 5 | trajectory 115 of circuit 93 -- done
rank 44 | trajectory 149 of circuit 64 -- done
rank 15 | trajectory 88 of circuit 82 -- done
rank 0 | trajectory 5 of circuit 66 -- done
rank 6 | trajectory 161 of circuit 55 -- done
rank 17 | trajectory 33 of circuit 71 -- done
rank 29 | trajectory 147 of circuit 77 -- done
rank 41 | trajectory 83 of circuit 100 -- done
rank 3 | trajectory 146 of circuit 99 -- done
rank 31 | trajectory 29 of circuit 73 -- done
rank 44 | trajectory 37 of circuit 85 -- done
rank 43 | trajectory 27 of circuit 43 -- done
rank 38 | trajectory 141 of circuit 31 -- done
rank 17 | trajectory 63 of circuit 75 -- done
rank 1 | trajectory 32 of circuit 88 -- done
rank 44 | trajectory 27 of circuit 76 -- done
rank 42 | trajectory 85 of circuit 90 -- done
rank 9 | trajectory 46 of circuit 63 -- done
rank 15 | trajectory 96 of circuit 47 -- done
rank 16 | trajectory 142 of circuit 59 -- done
rank 38 | trajectory 186 of circuit 71 -- done
rank 3 | trajectory 131 of circuit 44 -- done
rank 28 | trajectory 188 of circuit 63 -- done
rank 31 | trajectory 177 of circuit 52 -- done
rank 2 | trajectory 35 of circuit 77 -- done
rank 17 | trajectory 135 of circuit 44 -- done
rank 1 | trajectory 57 of circuit 83 -- done
rank 20 | trajectory 22 of circuit 61 -- done
rank 6 | trajectory 44 of circuit 94 -- done
rank 40 | trajectory 74 of circuit 78 -- done
rank 46 | trajectory 109 of circuit 34 -- done
rank 39 | trajectory 132 of circuit 37 -- done
rank 25 | trajectory 19 of circuit 61 -- done
rank 45 | trajectory 69 of circuit 25 -- done
rank 16 | trajectory 27 of circuit 91 -- done
rank 2 | trajectory 82 of circuit 72 -- done
rank 13 | trajectory 78 of circuit 39 -- done
rank 9 | trajectory 18 of circuit 51 -- done
rank 32 | trajectory 117 of circuit 20 -- done
rank 42 | trajectory 25 of circuit 73 -- done
rank 22 | trajectory 157 of circuit 45 -- done
rank 14 | trajectory 70 of circuit 84 -- done
rank 48 | trajectory 149 of circuit 27 -- done
rank 10 | trajectory 136 of circuit 70 -- done
rank 38 | trajectory 57 of circuit 37 -- done
rank 11 | trajectory 110 of circuit 92 -- done
rank 22 | trajectory 127 of circuit 25 -- done
rank 8 | trajectory 67 of circuit 67 -- done
rank 0 | trajectory 19 of circuit 85 -- done
rank 17 | trajectory 50 of circuit 65 -- done
rank 15 | trajectory 77 of circuit 39 -- done
rank 3 | trajectory 52 of circuit 63 -- done
rank 4 | trajectory 187 of circuit 29 -- done
rank 20 | trajectory 65 of circuit 77 -- done
rank 37 | trajectory 38 of circuit 82 -- done
rank 40 | trajectory 112 of circuit 71 -- done
rank 35 | trajectory 112 of circuit 99 -- done
rank 16 | trajectory 164 of circuit 85 -- done
rank 38 | trajectory 28 of circuit 52 -- done
rank 43 | trajectory 21 of circuit 70 -- done
rank 47 | trajectory 18 of circuit 77 -- done
rank 12 | trajectory 71 of circuit 44 -- done
rank 32 | trajectory 97 of circuit 25 -- done
rank 31 | trajectory 54 of circuit 34 -- done
rank 29 | trajectory 134 of circuit 65 -- done
rank 39 | trajectory 80 of circuit 51 -- done
rank 36 | trajectory 68 of circuit 46 -- done
rank 5 | trajectory 4 of circuit 58 -- done
rank 42 | trajectory 18 of circuit 57 -- done
rank 13 | trajectory 97 of circuit 34 -- done
rank 18 | trajectory 64 of circuit 78 -- done
rank 45 | trajectory 18 of circuit 69 -- done
rank 23 | trajectory 43 of circuit 45 -- done
rank 16 | trajectory 25 of circuit 55 -- done
rank 46 | trajectory 152 of circuit 68 -- done
rank 15 | trajectory 53 of circuit 63 -- done
rank 40 | trajectory 58 of circuit 91 -- done
rank 37 | trajectory 150 of circuit 89 -- done
rank 3 | trajectory 16 of circuit 61 -- done
rank 15 | trajectory 186 of circuit 98 -- done
rank 23 | trajectory 107 of circuit 83 -- done
rank 17 | trajectory 187 of circuit 20 -- done
rank 23 | trajectory 92 of circuit 84 -- done
rank 12 | trajectory 110 of circuit 8 -- done
rank 39 | trajectory 45 of circuit 67 -- done
rank 26 | trajectory 178 of circuit 77 -- done
rank 44 | trajectory 131 of circuit 73 -- done
rank 48 | trajectory 85 of circuit 58 -- done
rank 40 | trajectory 76 of circuit 69 -- done
rank 28 | trajectory 184 of circuit 65 -- done
rank 11 | trajectory 149 of circuit 75 -- done
rank 13 | trajectory 80 of circuit 75 -- done
srun: Job step aborted: Waiting up to 32 seconds for job step to finish.
slurmstepd: error: *** JOB 20009 ON ramses12001 CANCELLED AT 2024-06-11T11:11:55 DUE TO TIME LIMIT ***
slurmstepd: error: *** STEP 20009.0 ON ramses12001 CANCELLED AT 2024-06-11T11:11:55 DUE TO TIME LIMIT ***
