┌ Warning: The Pkg REPL mode is intended for interactive use only, and should not be used from scripts. It is recommended to use the functional API instead.
└ @ Pkg.REPLMode ~/.julia/juliaup/julia-1.10.3+0.x64.linux.gnu/share/julia/stdlib/v1.10/Pkg/src/REPLMode/REPLMode.jl:382
┌ Warning: The Pkg REPL mode is intended for interactive use only, and should not be used from scripts. It is recommended to use the functional API instead.
└ @ Pkg.REPLMode ~/.julia/juliaup/julia-1.10.3+0.x64.linux.gnu/share/julia/stdlib/v1.10/Pkg/src/REPLMode/REPLMode.jl:382




---------------------------------------------
start:2024-05-30T17:00:30.011
---------------------------------------------




rank 0 | running with 192 threads | 192 trajectories to sample...
rank 1 | running with 192 threads | 192 trajectories to sample...
rank 0 | trajectory 297 of circuit 1 -- done
rank 0 | trajectory 277 of circuit 1 -- done
rank 0 | trajectory 187 of circuit 1 -- done
rank 0 | trajectory 37 of circuit 1 -- done
rank 1 | trajectory 350 of circuit 1 -- done
rank 0 | trajectory 63 of circuit 1 -- done
rank 0 | trajectory 353 of circuit 1 -- done
rank 1 | trajectory 110 of circuit 1 -- done
rank 1 | trajectory 302 of circuit 1 -- done
rank 1 | trajectory 282 of circuit 1 -- done
rank 1 | trajectory 98 of circuit 1 -- done
rank 0 | trajectory 217 of circuit 1 -- done
rank 0 | trajectory 101 of circuit 1 -- done
rank 1 | trajectory 134 of circuit 1 -- done
rank 0 | trajectory 1 of circuit 1 -- done
rank 0 | trajectory 29 of circuit 1 -- done
rank 0 | trajectory 221 of circuit 1 -- done
rank 0 | trajectory 95 of circuit 1 -- done
rank 0 | trajectory 153 of circuit 1 -- done
rank 1 | trajectory 332 of circuit 1 -- done
rank 0 | trajectory 321 of circuit 1 -- done
rank 1 | trajectory 30 of circuit 1 -- done
rank 0 | trajectory 83 of circuit 1 -- done
rank 0 | trajectory 5 of circuit 1 -- done
rank 1 | trajectory 198 of circuit 1 -- done
rank 1 | trajectory 118 of circuit 1 -- done
rank 1 | trajectory 202 of circuit 1 -- done
rank 0 | trajectory 351 of circuit 1 -- done
rank 1 | trajectory 364 of circuit 1 -- done
rank 1 | trajectory 196 of circuit 1 -- done
rank 0 | trajectory 305 of circuit 1 -- done
rank 1 | trajectory 144 of circuit 1 -- done
rank 0 | trajectory 271 of circuit 1 -- done
rank 0 | trajectory 105 of circuit 1 -- done
rank 0 | trajectory 237 of circuit 1 -- done
rank 0 | trajectory 121 of circuit 1 -- done
rank 1 | trajectory 262 of circuit 1 -- done
rank 1 | trajectory 186 of circuit 1 -- done
rank 0 | trajectory 193 of circuit 1 -- done
rank 1 | trajectory 272 of circuit 1 -- done
rank 0 | trajectory 69 of circuit 1 -- done
rank 1 | trajectory 178 of circuit 1 -- done
rank 0 | trajectory 17 of circuit 1 -- done
rank 0 | trajectory 251 of circuit 1 -- done
rank 0 | trajectory 367 of circuit 1 -- done
rank 1 | trajectory 8 of circuit 1 -- done
rank 1 | trajectory 306 of circuit 1 -- done
rank 0 | trajectory 21 of circuit 1 -- done
rank 1 | trajectory 296 of circuit 1 -- done
rank 0 | trajectory 107 of circuit 1 -- done
rank 1 | trajectory 266 of circuit 1 -- done
rank 1 | trajectory 274 of circuit 1 -- done
rank 1 | trajectory 304 of circuit 1 -- done
rank 0 | trajectory 127 of circuit 1 -- done
rank 0 | trajectory 325 of circuit 1 -- done
rank 0 | trajectory 363 of circuit 1 -- done
rank 0 | trajectory 235 of circuit 1 -- done
rank 0 | trajectory 331 of circuit 1 -- done
rank 1 | trajectory 384 of circuit 1 -- done
rank 0 | trajectory 327 of circuit 1 -- done
rank 0 | trajectory 247 of circuit 1 -- done
rank 0 | trajectory 275 of circuit 1 -- done
rank 0 | trajectory 113 of circuit 1 -- done
rank 0 | trajectory 383 of circuit 1 -- done
rank 1 | trajectory 218 of circuit 1 -- done
rank 0 | trajectory 151 of circuit 1 -- done
rank 1 | trajectory 294 of circuit 1 -- done
rank 1 | trajectory 254 of circuit 1 -- done
rank 0 | trajectory 133 of circuit 1 -- done
rank 0 | trajectory 55 of circuit 1 -- done
rank 0 | trajectory 3 of circuit 1 -- done
rank 0 | trajectory 131 of circuit 1 -- done
rank 1 | trajectory 250 of circuit 1 -- done
rank 0 | trajectory 283 of circuit 1 -- done
rank 0 | trajectory 129 of circuit 1 -- done
rank 1 | trajectory 140 of circuit 1 -- done
rank 0 | trajectory 163 of circuit 1 -- done
rank 0 | trajectory 165 of circuit 1 -- done
rank 1 | trajectory 298 of circuit 1 -- done
rank 0 | trajectory 99 of circuit 1 -- done
rank 1 | trajectory 242 of circuit 1 -- done
rank 0 | trajectory 203 of circuit 1 -- done
rank 0 | trajectory 9 of circuit 1 -- done
rank 0 | trajectory 103 of circuit 1 -- done
rank 1 | trajectory 72 of circuit 1 -- done
rank 1 | trajectory 90 of circuit 1 -- done
rank 0 | trajectory 161 of circuit 1 -- done
rank 0 | trajectory 33 of circuit 1 -- done
rank 0 | trajectory 13 of circuit 1 -- done
rank 0 | trajectory 11 of circuit 1 -- done
rank 1 | trajectory 270 of circuit 1 -- done
rank 1 | trajectory 226 of circuit 1 -- done
rank 0 | trajectory 355 of circuit 1 -- done
rank 0 | trajectory 159 of circuit 1 -- done
rank 1 | trajectory 120 of circuit 1 -- done
rank 1 | trajectory 82 of circuit 1 -- done
rank 0 | trajectory 307 of circuit 1 -- done
rank 0 | trajectory 359 of circuit 1 -- done
rank 1 | trajectory 374 of circuit 1 -- done
rank 1 | trajectory 124 of circuit 1 -- done
rank 0 | trajectory 261 of circuit 1 -- done
rank 1 | trajectory 12 of circuit 1 -- done
rank 1 | trajectory 176 of circuit 1 -- done
rank 1 | trajectory 194 of circuit 1 -- done
rank 0 | trajectory 25 of circuit 1 -- done
rank 1 | trajectory 276 of circuit 1 -- done
rank 1 | trajectory 54 of circuit 1 -- done
rank 0 | trajectory 61 of circuit 1 -- done
rank 0 | trajectory 183 of circuit 1 -- done
rank 0 | trajectory 19 of circuit 1 -- done
rank 0 | trajectory 239 of circuit 1 -- done
rank 0 | trajectory 269 of circuit 1 -- done
rank 0 | trajectory 65 of circuit 1 -- done
rank 0 | trajectory 111 of circuit 1 -- done
rank 0 | trajectory 361 of circuit 1 -- done
rank 1 | trajectory 102 of circuit 1 -- done
rank 1 | trajectory 36 of circuit 1 -- done
rank 1 | trajectory 32 of circuit 1 -- done
rank 1 | trajectory 236 of circuit 1 -- done
rank 1 | trajectory 46 of circuit 1 -- done
rank 0 | trajectory 381 of circuit 1 -- done
rank 1 | trajectory 84 of circuit 1 -- done
rank 0 | trajectory 125 of circuit 1 -- done
rank 0 | trajectory 79 of circuit 1 -- done
rank 0 | trajectory 41 of circuit 1 -- done
rank 0 | trajectory 175 of circuit 1 -- done
rank 0 | trajectory 225 of circuit 1 -- done
rank 0 | trajectory 345 of circuit 1 -- done
rank 1 | trajectory 318 of circuit 1 -- done
rank 1 | trajectory 148 of circuit 1 -- done
rank 0 | trajectory 117 of circuit 1 -- done
rank 0 | trajectory 295 of circuit 1 -- done
rank 1 | trajectory 330 of circuit 1 -- done
rank 0 | trajectory 51 of circuit 1 -- done
rank 0 | trajectory 289 of circuit 1 -- done
rank 1 | trajectory 14 of circuit 1 -- done
rank 1 | trajectory 316 of circuit 1 -- done
rank 1 | trajectory 92 of circuit 1 -- done
rank 0 | trajectory 309 of circuit 1 -- done
rank 0 | trajectory 335 of circuit 1 -- done
rank 1 | trajectory 168 of circuit 1 -- done
rank 1 | trajectory 78 of circuit 1 -- done
rank 0 | trajectory 171 of circuit 1 -- done
rank 0 | trajectory 319 of circuit 1 -- done
rank 1 | trajectory 372 of circuit 1 -- done
rank 1 | trajectory 28 of circuit 1 -- done
rank 1 | trajectory 244 of circuit 1 -- done
rank 0 | trajectory 73 of circuit 1 -- done
rank 1 | trajectory 80 of circuit 1 -- done
rank 0 | trajectory 365 of circuit 1 -- done
rank 1 | trajectory 100 of circuit 1 -- done
rank 1 | trajectory 334 of circuit 1 -- done
rank 0 | trajectory 373 of circuit 1 -- done
rank 0 | trajectory 253 of circuit 1 -- done
rank 0 | trajectory 47 of circuit 1 -- done
rank 0 | trajectory 149 of circuit 1 -- done
rank 0 | trajectory 89 of circuit 1 -- done
rank 1 | trajectory 290 of circuit 1 -- done
rank 0 | trajectory 231 of circuit 1 -- done
rank 0 | trajectory 115 of circuit 1 -- done
rank 1 | trajectory 320 of circuit 1 -- done
rank 0 | trajectory 341 of circuit 1 -- done
rank 0 | trajectory 119 of circuit 1 -- done
rank 1 | trajectory 340 of circuit 1 -- done
rank 1 | trajectory 18 of circuit 1 -- done
rank 0 | trajectory 219 of circuit 1 -- done
rank 0 | trajectory 181 of circuit 1 -- done
rank 0 | trajectory 35 of circuit 1 -- done
rank 0 | trajectory 213 of circuit 1 -- done
rank 0 | trajectory 323 of circuit 1 -- done
rank 1 | trajectory 246 of circuit 1 -- done
rank 0 | trajectory 157 of circuit 1 -- done
rank 1 | trajectory 324 of circuit 1 -- done
rank 0 | trajectory 155 of circuit 1 -- done
rank 0 | trajectory 195 of circuit 1 -- done
rank 1 | trajectory 212 of circuit 1 -- done
rank 0 | trajectory 71 of circuit 1 -- done
rank 0 | trajectory 223 of circuit 1 -- done
rank 1 | trajectory 24 of circuit 1 -- done
rank 0 | trajectory 81 of circuit 1 -- done
rank 0 | trajectory 227 of circuit 1 -- done
rank 0 | trajectory 59 of circuit 1 -- done
rank 1 | trajectory 116 of circuit 1 -- done
rank 0 | trajectory 241 of circuit 1 -- done
rank 1 | trajectory 314 of circuit 1 -- done
rank 0 | trajectory 169 of circuit 1 -- done
rank 1 | trajectory 370 of circuit 1 -- done
rank 0 | trajectory 215 of circuit 1 -- done
rank 0 | trajectory 291 of circuit 1 -- done
rank 1 | trajectory 300 of circuit 1 -- done
rank 0 | trajectory 245 of circuit 1 -- done
rank 0 | trajectory 23 of circuit 1 -- done
rank 0 | trajectory 371 of circuit 1 -- done
rank 0 | trajectory 123 of circuit 1 -- done
rank 0 | trajectory 243 of circuit 1 -- done
rank 0 | trajectory 233 of circuit 1 -- done
rank 1 | trajectory 86 of circuit 1 -- done
rank 0 | trajectory 333 of circuit 1 -- done
rank 1 | trajectory 136 of circuit 1 -- done
rank 1 | trajectory 150 of circuit 1 -- done
rank 1 | trajectory 172 of circuit 1 -- done
rank 0 | trajectory 45 of circuit 1 -- done
rank 1 | trajectory 128 of circuit 1 -- done
rank 0 | trajectory 139 of circuit 1 -- done
rank 1 | trajectory 70 of circuit 1 -- done
rank 0 | trajectory 273 of circuit 1 -- done
rank 1 | trajectory 62 of circuit 1 -- done
rank 1 | trajectory 206 of circuit 1 -- done
rank 0 | trajectory 249 of circuit 1 -- done
rank 0 | trajectory 267 of circuit 1 -- done
rank 0 | trajectory 343 of circuit 1 -- done
rank 0 | trajectory 27 of circuit 1 -- done
rank 1 | trajectory 108 of circuit 1 -- done
rank 0 | trajectory 379 of circuit 1 -- done
rank 1 | trajectory 114 of circuit 1 -- done
rank 0 | trajectory 77 of circuit 1 -- done
rank 0 | trajectory 185 of circuit 1 -- done
rank 1 | trajectory 326 of circuit 1 -- done
rank 1 | trajectory 258 of circuit 1 -- done
rank 1 | trajectory 68 of circuit 1 -- done
rank 1 | trajectory 362 of circuit 1 -- done
rank 1 | trajectory 382 of circuit 1 -- done
rank 1 | trajectory 132 of circuit 1 -- done
rank 0 | trajectory 75 of circuit 1 -- done
rank 0 | trajectory 357 of circuit 1 -- done
rank 1 | trajectory 358 of circuit 1 -- done
rank 0 | trajectory 209 of circuit 1 -- done
rank 1 | trajectory 338 of circuit 1 -- done
rank 0 | trajectory 109 of circuit 1 -- done
rank 1 | trajectory 214 of circuit 1 -- done
rank 0 | trajectory 205 of circuit 1 -- done
rank 0 | trajectory 301 of circuit 1 -- done
rank 1 | trajectory 378 of circuit 1 -- done
rank 0 | trajectory 315 of circuit 1 -- done
rank 0 | trajectory 285 of circuit 1 -- done
rank 0 | trajectory 339 of circuit 1 -- done
rank 1 | trajectory 130 of circuit 1 -- done
rank 0 | trajectory 349 of circuit 1 -- done
rank 1 | trajectory 112 of circuit 1 -- done
rank 1 | trajectory 368 of circuit 1 -- done
rank 1 | trajectory 234 of circuit 1 -- done
rank 0 | trajectory 49 of circuit 1 -- done
rank 1 | trajectory 220 of circuit 1 -- done
rank 0 | trajectory 281 of circuit 1 -- done
rank 1 | trajectory 48 of circuit 1 -- done
rank 1 | trajectory 346 of circuit 1 -- done
rank 1 | trajectory 16 of circuit 1 -- done
rank 1 | trajectory 94 of circuit 1 -- done
rank 1 | trajectory 344 of circuit 1 -- done
rank 0 | trajectory 7 of circuit 1 -- done
rank 0 | trajectory 279 of circuit 1 -- done
rank 1 | trajectory 44 of circuit 1 -- done
rank 1 | trajectory 60 of circuit 1 -- done
rank 1 | trajectory 284 of circuit 1 -- done
rank 0 | trajectory 263 of circuit 1 -- done
rank 1 | trajectory 308 of circuit 1 -- done
rank 0 | trajectory 97 of circuit 1 -- done
rank 1 | trajectory 106 of circuit 1 -- done
rank 1 | trajectory 6 of circuit 1 -- done
rank 0 | trajectory 265 of circuit 1 -- done
rank 1 | trajectory 292 of circuit 1 -- done
rank 1 | trajectory 88 of circuit 1 -- done
rank 0 | trajectory 39 of circuit 1 -- done
rank 0 | trajectory 43 of circuit 1 -- done
rank 0 | trajectory 313 of circuit 1 -- done
rank 0 | trajectory 317 of circuit 1 -- done
rank 1 | trajectory 352 of circuit 1 -- done
rank 0 | trajectory 31 of circuit 1 -- done
rank 1 | trajectory 138 of circuit 1 -- done
rank 1 | trajectory 26 of circuit 1 -- done
rank 1 | trajectory 164 of circuit 1 -- done
rank 1 | trajectory 170 of circuit 1 -- done
rank 1 | trajectory 64 of circuit 1 -- done
rank 1 | trajectory 310 of circuit 1 -- done
rank 0 | trajectory 311 of circuit 1 -- done
rank 0 | trajectory 347 of circuit 1 -- done
rank 1 | trajectory 264 of circuit 1 -- done
rank 1 | trajectory 336 of circuit 1 -- done
rank 1 | trajectory 66 of circuit 1 -- done
rank 0 | trajectory 135 of circuit 1 -- done
rank 0 | trajectory 67 of circuit 1 -- done
rank 1 | trajectory 10 of circuit 1 -- done
rank 0 | trajectory 137 of circuit 1 -- done
rank 0 | trajectory 207 of circuit 1 -- done
rank 1 | trajectory 348 of circuit 1 -- done
rank 0 | trajectory 177 of circuit 1 -- done
rank 0 | trajectory 91 of circuit 1 -- done
rank 0 | trajectory 141 of circuit 1 -- done
rank 0 | trajectory 179 of circuit 1 -- done
rank 1 | trajectory 56 of circuit 1 -- done
rank 0 | trajectory 15 of circuit 1 -- done
rank 0 | trajectory 57 of circuit 1 -- done
rank 0 | trajectory 143 of circuit 1 -- done
rank 1 | trajectory 376 of circuit 1 -- done
rank 0 | trajectory 197 of circuit 1 -- done
rank 0 | trajectory 191 of circuit 1 -- done
rank 1 | trajectory 268 of circuit 1 -- done
rank 1 | trajectory 280 of circuit 1 -- done
rank 1 | trajectory 180 of circuit 1 -- done
rank 0 | trajectory 287 of circuit 1 -- done
rank 1 | trajectory 222 of circuit 1 -- done
rank 0 | trajectory 211 of circuit 1 -- done
rank 1 | trajectory 50 of circuit 1 -- done
rank 1 | trajectory 174 of circuit 1 -- done
rank 0 | trajectory 377 of circuit 1 -- done
rank 0 | trajectory 259 of circuit 1 -- done
rank 1 | trajectory 2 of circuit 1 -- done
rank 0 | trajectory 93 of circuit 1 -- done
rank 0 | trajectory 329 of circuit 1 -- done
rank 1 | trajectory 160 of circuit 1 -- done
rank 1 | trajectory 322 of circuit 1 -- done
rank 1 | trajectory 256 of circuit 1 -- done
rank 1 | trajectory 162 of circuit 1 -- done
rank 1 | trajectory 252 of circuit 1 -- done
rank 0 | trajectory 303 of circuit 1 -- done
rank 0 | trajectory 229 of circuit 1 -- done
rank 0 | trajectory 189 of circuit 1 -- done
rank 0 | trajectory 299 of circuit 1 -- done
rank 0 | trajectory 257 of circuit 1 -- done
rank 0 | trajectory 167 of circuit 1 -- done
rank 1 | trajectory 228 of circuit 1 -- done
rank 1 | trajectory 278 of circuit 1 -- done
rank 0 | trajectory 369 of circuit 1 -- done
rank 0 | trajectory 337 of circuit 1 -- done
rank 1 | trajectory 380 of circuit 1 -- done
rank 0 | trajectory 147 of circuit 1 -- done
rank 1 | trajectory 34 of circuit 1 -- done
rank 1 | trajectory 96 of circuit 1 -- done
rank 1 | trajectory 216 of circuit 1 -- done
rank 1 | trajectory 240 of circuit 1 -- done
rank 1 | trajectory 20 of circuit 1 -- done
rank 1 | trajectory 52 of circuit 1 -- done
rank 0 | trajectory 255 of circuit 1 -- done
rank 0 | trajectory 293 of circuit 1 -- done
rank 1 | trajectory 184 of circuit 1 -- done
rank 1 | trajectory 126 of circuit 1 -- done
rank 0 | trajectory 199 of circuit 1 -- done
rank 1 | trajectory 76 of circuit 1 -- done
rank 1 | trajectory 22 of circuit 1 -- done
rank 1 | trajectory 190 of circuit 1 -- done
rank 1 | trajectory 142 of circuit 1 -- done
rank 1 | trajectory 154 of circuit 1 -- done
rank 0 | trajectory 53 of circuit 1 -- done
rank 0 | trajectory 145 of circuit 1 -- done
rank 1 | trajectory 58 of circuit 1 -- done
rank 1 | trajectory 208 of circuit 1 -- done
rank 1 | trajectory 4 of circuit 1 -- done
rank 1 | trajectory 360 of circuit 1 -- done
rank 1 | trajectory 248 of circuit 1 -- done
rank 1 | trajectory 182 of circuit 1 -- done
rank 1 | trajectory 230 of circuit 1 -- done
rank 0 | trajectory 87 of circuit 1 -- done
rank 1 | trajectory 158 of circuit 1 -- done
rank 1 | trajectory 260 of circuit 1 -- done
rank 1 | trajectory 286 of circuit 1 -- done
rank 1 | trajectory 312 of circuit 1 -- done
rank 1 | trajectory 166 of circuit 1 -- done
rank 1 | trajectory 366 of circuit 1 -- done
rank 1 | trajectory 122 of circuit 1 -- done
rank 1 | trajectory 104 of circuit 1 -- done
rank 1 | trajectory 146 of circuit 1 -- done
rank 1 | trajectory 74 of circuit 1 -- done
rank 1 | trajectory 156 of circuit 1 -- done
rank 1 | trajectory 42 of circuit 1 -- done
rank 0 | trajectory 173 of circuit 1 -- done
rank 1 | trajectory 288 of circuit 1 -- done
rank 1 | trajectory 238 of circuit 1 -- done
rank 1 | trajectory 356 of circuit 1 -- done
rank 1 | trajectory 200 of circuit 1 -- done
rank 1 | trajectory 192 of circuit 1 -- done
rank 1 | trajectory 40 of circuit 1 -- done
rank 1 | trajectory 224 of circuit 1 -- done
rank 1 | trajectory 210 of circuit 1 -- done
rank 0 | trajectory 375 of circuit 1 -- done
rank 1 | trajectory 188 of circuit 1 -- done
rank 1 | trajectory 354 of circuit 1 -- done
rank 0 | trajectory 201 of circuit 1 -- done
rank 1 | trajectory 232 of circuit 1 -- done
rank 0 | trajectory 85 of circuit 1 -- done
rank 1 | trajectory 328 of circuit 1 -- done
rank 1 | trajectory 204 of circuit 1 -- done
rank 1 | trajectory 38 of circuit 1 -- done
rank 1 | trajectory 152 of circuit 1 -- done
rank 1 | trajectory 342 of circuit 1 -- done




---------------------------------------------
complete:2024-06-01T00:16:56.567
---------------------------------------------




